Archive member included to satisfy reference by file (symbol)

/usr/lib/gcc/arm-none-eabi/9.2.1/thumb/v7-m/nofp/libgcc.a(_aeabi_uldivmod.o)
                              obj_zoul/cc2538-rf.o (__aeabi_uldivmod)
/usr/lib/gcc/arm-none-eabi/9.2.1/thumb/v7-m/nofp/libgcc.a(_udivmoddi4.o)
                              /usr/lib/gcc/arm-none-eabi/9.2.1/thumb/v7-m/nofp/libgcc.a(_aeabi_uldivmod.o) (__udivmoddi4)
/usr/lib/gcc/arm-none-eabi/9.2.1/thumb/v7-m/nofp/libgcc.a(_dvmd_tls.o)
                              /usr/lib/gcc/arm-none-eabi/9.2.1/thumb/v7-m/nofp/libgcc.a(_aeabi_uldivmod.o) (__aeabi_ldiv0)
/usr/lib/gcc/arm-none-eabi/9.2.1/../../../arm-none-eabi/lib/thumb/v7-m/nofp/libc.a(lib_a-ctype_.o)
                              obj_zoul/resolv.o (_ctype_)
/usr/lib/gcc/arm-none-eabi/9.2.1/../../../arm-none-eabi/lib/thumb/v7-m/nofp/libc.a(lib_a-memcmp.o)
                              obj_zoul/slip.o (memcmp)
/usr/lib/gcc/arm-none-eabi/9.2.1/../../../arm-none-eabi/lib/thumb/v7-m/nofp/libc.a(lib_a-memcpy.o)
                              obj_zoul/mqtt.o (memcpy)
/usr/lib/gcc/arm-none-eabi/9.2.1/../../../arm-none-eabi/lib/thumb/v7-m/nofp/libc.a(lib_a-memmove.o)
                              obj_zoul/mmem.o (memmove)
/usr/lib/gcc/arm-none-eabi/9.2.1/../../../arm-none-eabi/lib/thumb/v7-m/nofp/libc.a(lib_a-memset.o)
                              obj_zoul/mqtt.o (memset)
/usr/lib/gcc/arm-none-eabi/9.2.1/../../../arm-none-eabi/lib/thumb/v7-m/nofp/libc.a(lib_a-reent.o)
                              obj_zoul/syscalls.o (errno)
/usr/lib/gcc/arm-none-eabi/9.2.1/../../../arm-none-eabi/lib/thumb/v7-m/nofp/libc.a(lib_a-strcasecmp.o)
                              obj_zoul/resolv.o (strcasecmp)
/usr/lib/gcc/arm-none-eabi/9.2.1/../../../arm-none-eabi/lib/thumb/v7-m/nofp/libc.a(lib_a-strcat.o)
                              obj_zoul/resolv.o (strcat)
/usr/lib/gcc/arm-none-eabi/9.2.1/../../../arm-none-eabi/lib/thumb/v7-m/nofp/libc.a(lib_a-strcmp.o)
                              obj_zoul/cfs-coffee.o (strcmp)
/usr/lib/gcc/arm-none-eabi/9.2.1/../../../arm-none-eabi/lib/thumb/v7-m/nofp/libc.a(lib_a-strcpy.o)
                              /usr/lib/gcc/arm-none-eabi/9.2.1/../../../arm-none-eabi/lib/thumb/v7-m/nofp/libc.a(lib_a-strcat.o) (strcpy)
/usr/lib/gcc/arm-none-eabi/9.2.1/../../../arm-none-eabi/lib/thumb/v7-m/nofp/libc.a(lib_a-strlen-stub.o)
                              obj_zoul/mqtt.o (strlen)
/usr/lib/gcc/arm-none-eabi/9.2.1/../../../arm-none-eabi/lib/thumb/v7-m/nofp/libc.a(lib_a-strncasecmp.o)
                              obj_zoul/resolv.o (strncasecmp)
/usr/lib/gcc/arm-none-eabi/9.2.1/../../../arm-none-eabi/lib/thumb/v7-m/nofp/libc.a(lib_a-strncat.o)
                              obj_zoul/resolv.o (strncat)
/usr/lib/gcc/arm-none-eabi/9.2.1/../../../arm-none-eabi/lib/thumb/v7-m/nofp/libc.a(lib_a-strncmp.o)
                              obj_zoul/sensors.o (strncmp)
/usr/lib/gcc/arm-none-eabi/9.2.1/../../../arm-none-eabi/lib/thumb/v7-m/nofp/libc.a(lib_a-strncpy.o)
                              obj_zoul/cfs-coffee.o (strncpy)
/usr/lib/gcc/arm-none-eabi/9.2.1/../../../arm-none-eabi/lib/thumb/v7-m/nofp/libc.a(lib_a-freer.o)
                              /usr/lib/gcc/arm-none-eabi/9.2.1/../../../arm-none-eabi/lib/thumb/v7-m/nofp/libc.a(lib_a-reent.o) (_free_r)
/usr/lib/gcc/arm-none-eabi/9.2.1/../../../arm-none-eabi/lib/thumb/v7-m/nofp/libc.a(lib_a-impure.o)
                              /usr/lib/gcc/arm-none-eabi/9.2.1/../../../arm-none-eabi/lib/thumb/v7-m/nofp/libc.a(lib_a-reent.o) (_impure_ptr)
/usr/lib/gcc/arm-none-eabi/9.2.1/../../../arm-none-eabi/lib/thumb/v7-m/nofp/libc.a(lib_a-mallocr.o)
                              /usr/lib/gcc/arm-none-eabi/9.2.1/../../../arm-none-eabi/lib/thumb/v7-m/nofp/libc.a(lib_a-freer.o) (__malloc_current_mallinfo)
/usr/lib/gcc/arm-none-eabi/9.2.1/../../../arm-none-eabi/lib/thumb/v7-m/nofp/libc.a(lib_a-mlock.o)
                              /usr/lib/gcc/arm-none-eabi/9.2.1/../../../arm-none-eabi/lib/thumb/v7-m/nofp/libc.a(lib_a-freer.o) (__malloc_lock)
/usr/lib/gcc/arm-none-eabi/9.2.1/../../../arm-none-eabi/lib/thumb/v7-m/nofp/libc.a(lib_a-sbrkr.o)
                              /usr/lib/gcc/arm-none-eabi/9.2.1/../../../arm-none-eabi/lib/thumb/v7-m/nofp/libc.a(lib_a-freer.o) (_sbrk_r)

Allocating common symbols
Common symbol       size              file

compower_idle_activity
                    0x8               obj_zoul/compower.o
uip_ds6_timer_ra    0x8               obj_zoul/uip-ds6.o
rtcc_int1_callback  0x4               obj_zoul/rtcc.o
usb_setup_buffer    0x8               obj_zoul/usb-core.o
uip_ds6_if          0xf8              obj_zoul/uip-ds6.o
resolv_event_found  0x1               obj_zoul/resolv.o
uip_ds6_netif_addr_list_offset
                    0x1               obj_zoul/uip-ds6.o
uip_len             0x2               obj_zoul/uip6.o
errno               0x4               /usr/lib/gcc/arm-none-eabi/9.2.1/../../../arm-none-eabi/lib/thumb/v7-m/nofp/libc.a(lib_a-reent.o)
[...]
Memory Configuration

Name             Origin             Length             Attributes
FLASH_FW         0x0000000000202000 0x000000000007dfd4 xr
FLASH_CCA        0x000000000027ffd4 0x000000000000002c xr
NRSRAM           0x0000000020000000 0x0000000000004000 xrw
FRSRAM           0x0000000020004000 0x0000000000004000 xrw
*default*        0x0000000000000000 0xffffffffffffffff

Linker script and memory map

LOAD obj_zoul/startup-gcc.o
LOAD obj_zoul/mqtt.o
LOAD obj_zoul/adc-sensors.o
LOAD obj_zoul/dht22.o
LOAD obj_zoul/adc-zoul.o
LOAD obj_zoul/zoul-sensors.o
LOAD obj_zoul/i2c.o
LOAD obj_zoul/contiki-main.o
LOAD obj_zoul/leds.o
LOAD obj_zoul/cc1200-zoul-arch.o
LOAD obj_zoul/button-sensor.o
LOAD obj_zoul/board.o
LOAD obj_zoul/antenna-sw.o
LOAD obj_zoul/rtcc.o
LOAD obj_zoul/leds-res-arch.o
LOAD obj_zoul/power-mgmt.o
LOAD obj_zoul/soc.o
LOAD obj_zoul/clock.o
LOAD obj_zoul/rtimer-arch.o
LOAD obj_zoul/uart.o
LOAD obj_zoul/watchdog.o
LOAD obj_zoul/nvic.o
LOAD obj_zoul/cpu.o
LOAD obj_zoul/sys-ctrl.o
LOAD obj_zoul/gpio.o
LOAD obj_zoul/ioc.o
LOAD obj_zoul/spi.o
LOAD obj_zoul/adc.o
LOAD obj_zoul/crypto.o
LOAD obj_zoul/aes.o
LOAD obj_zoul/ecb.o
LOAD obj_zoul/cbc.o
LOAD obj_zoul/ctr.o
LOAD obj_zoul/cbc-mac.o
LOAD obj_zoul/gcm.o
LOAD obj_zoul/ccm.o
LOAD obj_zoul/sha256.o
LOAD obj_zoul/cc2538-aes-128.o
LOAD obj_zoul/cc2538-ccm-star.o
LOAD obj_zoul/cc2538-rf.o
LOAD obj_zoul/udma.o
LOAD obj_zoul/lpm.o
LOAD obj_zoul/pka.o
LOAD obj_zoul/bignum-driver.o
LOAD obj_zoul/ecc-driver.o
LOAD obj_zoul/ecc-algorithm.o
LOAD obj_zoul/ecc-curve.o
LOAD obj_zoul/dbg.o
LOAD obj_zoul/ieee-addr.o
LOAD obj_zoul/slip-arch.o
LOAD obj_zoul/slip.o
LOAD obj_zoul/cc2538-temp-sensor.o
LOAD obj_zoul/vdd3-sensor.o
LOAD obj_zoul/cfs-coffee.o
LOAD obj_zoul/cfs-coffee-arch.o
LOAD obj_zoul/pwm.o
LOAD obj_zoul/dbg-printf.o
LOAD obj_zoul/dbg-snprintf.o
LOAD obj_zoul/dbg-sprintf.o
LOAD obj_zoul/strformat.o
LOAD obj_zoul/usb-core.o
LOAD obj_zoul/cdc-acm.o
LOAD obj_zoul/usb-arch.o
LOAD obj_zoul/usb-serial.o
LOAD obj_zoul/cdc-acm-descriptors.o
LOAD obj_zoul/stimer.o
LOAD obj_zoul/autostart.o
LOAD obj_zoul/energest.o
LOAD obj_zoul/etimer.o
LOAD obj_zoul/ctimer.o
LOAD obj_zoul/compower.o
LOAD obj_zoul/process.o
LOAD obj_zoul/rtimer.o
LOAD obj_zoul/mt.o
LOAD obj_zoul/procinit.o
LOAD obj_zoul/timer.o
LOAD obj_zoul/arg.o
LOAD obj_zoul/serial-line.o
LOAD obj_zoul/nullradio.o
LOAD obj_zoul/settings.o
LOAD obj_zoul/crc16.o
LOAD obj_zoul/ifft.o
LOAD obj_zoul/trickle-timer.o
LOAD obj_zoul/mmem.o
LOAD obj_zoul/me_tabs.o
LOAD obj_zoul/ccm-star.o
LOAD obj_zoul/me.o
LOAD obj_zoul/ringbufindex.o
LOAD obj_zoul/sensors.o
LOAD obj_zoul/list.o
LOAD obj_zoul/gcr.o
LOAD obj_zoul/aes-128.o
LOAD obj_zoul/memb.o
LOAD obj_zoul/print-stats.o
LOAD obj_zoul/petsciiconv.o
LOAD obj_zoul/random.o
LOAD obj_zoul/assert.o
LOAD obj_zoul/ringbuf.o
LOAD obj_zoul/uip-icmp6.o
LOAD obj_zoul/uip-ds6.o
LOAD obj_zoul/uip-ds6-route.o
LOAD obj_zoul/uip6.o
LOAD obj_zoul/uip-ds6-nbr.o
LOAD obj_zoul/uip-nd6.o
LOAD obj_zoul/sicslowpan.o
LOAD obj_zoul/slipdev.o
LOAD obj_zoul/dhcpc.o
LOAD obj_zoul/uip-packetqueue.o
LOAD obj_zoul/tcp-socket.o
LOAD obj_zoul/uip-debug.o
LOAD obj_zoul/ip64-addr.o
LOAD obj_zoul/uip-udp-packet.o
LOAD obj_zoul/psock.o
LOAD obj_zoul/tcpip.o
LOAD obj_zoul/resolv.o
LOAD obj_zoul/uip-nameserver.o
LOAD obj_zoul/uip-split.o
LOAD obj_zoul/udp-socket.o
LOAD obj_zoul/simple-udp.o
LOAD obj_zoul/uiplib.o
LOAD obj_zoul/rpl-nbr-policy.o
LOAD obj_zoul/rpl-of0.o
LOAD obj_zoul/rpl-timers.o
LOAD obj_zoul/rpl-ext-header.o
LOAD obj_zoul/rpl.o
LOAD obj_zoul/rpl-mrhof.o
LOAD obj_zoul/rpl-ns.o
LOAD obj_zoul/rpl-icmp6.o
LOAD obj_zoul/rpl-dag.o
LOAD obj_zoul/rpl-dag-root.o
LOAD obj_zoul/syscalls.o
LOAD obj_zoul/queuebuf.o
LOAD obj_zoul/nbr-table.o
LOAD obj_zoul/packetbuf.o
LOAD obj_zoul/netstack.o
LOAD obj_zoul/linkaddr.o
LOAD obj_zoul/net-debug.o
LOAD obj_zoul/link-stats.o
LOAD obj_zoul/nullmac.o
LOAD obj_zoul/nullrdc-noframer.o
LOAD obj_zoul/framer-nullmac.o
LOAD obj_zoul/nordc.o
LOAD obj_zoul/frame802154e-ie.o
LOAD obj_zoul/mac-sequence.o
LOAD obj_zoul/framer-802154.o
LOAD obj_zoul/csma.o
LOAD obj_zoul/frame802154.o
LOAD obj_zoul/mac.o
LOAD obj_zoul/phase.o
LOAD obj_zoul/nullrdc.o
LOAD obj_zoul/contikimac.o
LOAD obj_zoul/contikimac-framer.o
LOAD obj_zoul/nullsec.o
LOAD obj_zoul/anti-replay.o
LOAD obj_zoul/ccm-star-packetbuf.o
LOAD obj_zoul/noncoresec.o
LOAD obj_zoul/cc1200-868-fsk-1-2kbps.o
LOAD obj_zoul/cc1200-802154g-863-870-fsk-50kbps.o
LOAD obj_zoul/cc1200.o
LOAD mqtt_publisher.co
LOAD obj_zoul/slip-bridge.o
START GROUP
LOAD /usr/lib/gcc/arm-none-eabi/9.2.1/thumb/v7-m/nofp/libgcc.a
LOAD /usr/lib/gcc/arm-none-eabi/9.2.1/../../../arm-none-eabi/lib/thumb/v7-m/nofp/libc.a
END GROUP

.text           0x0000000000202000     0xd5a8
                0x0000000000202000                _text = .
 *(SORT_BY_ALIGNMENT(.vectors))
 .vectors       0x0000000000202000      0x28c obj_zoul/startup-gcc.o
                0x0000000000202000                vectors
 *(SORT_BY_ALIGNMENT(.text*))
 .text.reset_handler
                0x000000000020228c       0x40 obj_zoul/startup-gcc.o
                0x000000000020228c                reset_handler
 .text.call_event
                0x00000000002022cc       0x1c obj_zoul/mqtt.o
 .text.tcp_input
                0x00000000002022e8      0x310 obj_zoul/mqtt.o
 .text.keep_alive_callback
                0x00000000002025f8       0x44 obj_zoul/mqtt.o
 .text.connect_tcp
                0x000000000020263c       0x68 obj_zoul/mqtt.o
 .text.tcp_event
                0x00000000002026a4       0x94 obj_zoul/mqtt.o
 .text.mqtt_init
                0x0000000000202738       0xb4 obj_zoul/mqtt.o
                0x0000000000202738                mqtt_init
 .text.mqtt_register
                0x00000000002027ec       0x64 obj_zoul/mqtt.o
                0x00000000002027ec                mqtt_register
 .text.mqtt_connect
                0x0000000000202850       0x5c obj_zoul/mqtt.o
                0x0000000000202850                mqtt_connect
 .text.mqtt_disconnect
                0x00000000002028ac       0x24 obj_zoul/mqtt.o
                0x00000000002028ac                mqtt_disconnect
 .text.process_thread_mqtt_process
                0x00000000002028d0      0xfc4 obj_zoul/mqtt.o
 .text.mqtt_subscribe
                0x0000000000203894       0x60 obj_zoul/mqtt.o
                0x0000000000203894                mqtt_subscribe
 .text.mqtt_publish
                0x00000000002038f4       0x78 obj_zoul/mqtt.o
                0x00000000002038f4                mqtt_publish
 .text.configure
                0x000000000020396c       0x5c obj_zoul/dht22.o
 .text.value    0x00000000002039c8      0x188 obj_zoul/dht22.o
 .text.dht22_read_all
                0x0000000000203b50       0x48 obj_zoul/dht22.o
                0x0000000000203b50                dht22_read_all
 .text.value    0x0000000000203b98       0x38 obj_zoul/adc-zoul.o
 .text.configure
                0x0000000000203bd0       0x88 obj_zoul/adc-zoul.o
 .text.startup.main
                0x0000000000203c58      0x1bc obj_zoul/contiki-main.o
                0x0000000000203c58                main
 .text.leds_init
                0x0000000000203e14       0x14 obj_zoul/leds.o
                0x0000000000203e14                leds_init
 .text.leds_on  0x0000000000203e28       0x10 obj_zoul/leds.o
                0x0000000000203e28                leds_on
 .text.leds_off
                0x0000000000203e38       0x14 obj_zoul/leds.o
                0x0000000000203e38                leds_off
 .text.value    0x0000000000203e4c       0x20 obj_zoul/button-sensor.o
 .text.duration_exceeded_callback
                0x0000000000203e6c       0x3c obj_zoul/button-sensor.o
 .text.config_user
                0x0000000000203ea8       0xa0 obj_zoul/button-sensor.o
 .text.btn_callback
                0x0000000000203f48       0x5c obj_zoul/button-sensor.o
 .text.antenna_sw_config
                0x0000000000203fa4       0x30 obj_zoul/antenna-sw.o
                0x0000000000203fa4                antenna_sw_config
 .text.leds_arch_init
                0x0000000000203fd4       0x48 obj_zoul/leds-res-arch.o
                0x0000000000203fd4                leds_arch_init
 .text.leds_arch_set
                0x000000000020401c       0x38 obj_zoul/leds-res-arch.o
                0x000000000020401c                leds_arch_set
 .text.soc_get_rev
                0x0000000000204054       0x18 obj_zoul/soc.o
                0x0000000000204054                soc_get_rev
 .text.soc_get_sram_size
                0x000000000020406c       0x20 obj_zoul/soc.o
                0x000000000020406c                soc_get_sram_size
 .text.soc_print_info
                0x000000000020408c       0x70 obj_zoul/soc.o
                0x000000000020408c                soc_print_info
 .text.update_ticks
                0x00000000002040fc       0x54 obj_zoul/clock.o
 .text.clock_init
                0x0000000000204150       0x50 obj_zoul/clock.o
                0x0000000000204150                clock_init
 .text.clock_time
                0x00000000002041a0       0x14 obj_zoul/clock.o
                0x00000000002041a0                clock_time
 .text.clock_seconds
                0x00000000002041b4       0x14 obj_zoul/clock.o
                0x00000000002041b4                clock_seconds
 .text.clock_delay_usec
                0x00000000002041c8       0x1c obj_zoul/clock.o
                0x00000000002041c8                clock_delay_usec
 .text.clock_adjust
                0x00000000002041e4       0x20 obj_zoul/clock.o
                0x00000000002041e4                clock_adjust
 .text.rtimer_arch_next_trigger
                0x0000000000204204        0xc obj_zoul/rtimer-arch.o
                0x0000000000204204                rtimer_arch_next_trigger
 .text.rtimer_arch_now
                0x0000000000204210       0x24 obj_zoul/rtimer-arch.o
                0x0000000000204210                rtimer_arch_now
 .text.rtimer_arch_schedule
                0x0000000000204234       0x58 obj_zoul/rtimer-arch.o
                0x0000000000204234                rtimer_arch_schedule
 .text.rtimer_isr
                0x000000000020428c       0x24 obj_zoul/rtimer-arch.o
                0x000000000020428c                rtimer_isr
 .text.permit_pm1
                0x00000000002042b0       0x24 obj_zoul/uart.o
 .text.uart_isr
                0x00000000002042d4       0x60 obj_zoul/uart.o
 .text.uart_init
                0x0000000000204334      0x18c obj_zoul/uart.o
                0x0000000000204334                uart_init
 .text.uart_set_input
                0x00000000002044c0       0x10 obj_zoul/uart.o
                0x00000000002044c0                uart_set_input
 .text.uart_write_byte
                0x00000000002044d0       0x1c obj_zoul/uart.o
                0x00000000002044d0                uart_write_byte
 .text.watchdog_init
                0x00000000002044ec        0xc obj_zoul/watchdog.o
                0x00000000002044ec                watchdog_init
 .text.watchdog_start
                0x00000000002044f8        0xc obj_zoul/watchdog.o
                0x00000000002044f8                watchdog_start
 .text.watchdog_periodic
                0x0000000000204504       0x10 obj_zoul/watchdog.o
                0x0000000000204504                watchdog_periodic
 .text.nvic_init
                0x0000000000204514       0x3c obj_zoul/nvic.o
                0x0000000000204514                nvic_init
 .text.nvic_interrupt_enable
                0x0000000000204550       0x1c obj_zoul/nvic.o
                0x0000000000204550                nvic_interrupt_enable
 .text.nvic_interrupt_disable
                0x000000000020456c       0x1c obj_zoul/nvic.o
                0x000000000020456c                nvic_interrupt_disable
 .text.nvic_interrupt_unpend
                0x0000000000204588       0x1c obj_zoul/nvic.o
                0x0000000000204588                nvic_interrupt_unpend
 .text.sys_ctrl_get_reset_cause
                0x00000000002045a4       0x10 obj_zoul/sys-ctrl.o
                0x00000000002045a4                sys_ctrl_get_reset_cause
 .text.sys_ctrl_get_reset_cause_str
                0x00000000002045b4       0x14 obj_zoul/sys-ctrl.o
                0x00000000002045b4                sys_ctrl_get_reset_cause_str
 .text.sys_ctrl_init
                0x00000000002045c8       0x74 obj_zoul/sys-ctrl.o
                0x00000000002045c8                sys_ctrl_init
 .text.sys_ctrl_get_sys_clock
                0x000000000020463c       0x18 obj_zoul/sys-ctrl.o
                0x000000000020463c                sys_ctrl_get_sys_clock
 .text.sys_ctrl_get_io_clock
                0x0000000000204654       0x18 obj_zoul/sys-ctrl.o
                0x0000000000204654                sys_ctrl_get_io_clock
 .text.gpio_register_callback
                0x000000000020466c       0x10 obj_zoul/gpio.o
                0x000000000020466c                gpio_register_callback
 .text.notify   0x000000000020467c       0x30 obj_zoul/gpio.o
                0x000000000020467c                notify
 .text.gpio_port_isr
                0x00000000002046ac       0x4c obj_zoul/gpio.o
 .text.gpio_init
                0x00000000002046f8       0x10 obj_zoul/gpio.o
                0x00000000002046f8                gpio_init
 .text.ioc_init
                0x0000000000204708       0x1c obj_zoul/ioc.o
                0x0000000000204708                ioc_init
 .text.ioc_set_over
                0x0000000000204724       0x14 obj_zoul/ioc.o
                0x0000000000204724                ioc_set_over
 .text.ioc_set_sel
                0x0000000000204738       0x14 obj_zoul/ioc.o
                0x0000000000204738                ioc_set_sel
 .text.adc_init
                0x000000000020474c       0x10 obj_zoul/adc.o
                0x000000000020474c                adc_init
 .text.adc_get  0x000000000020475c       0x70 obj_zoul/adc.o
                0x000000000020475c                adc_get
 .text.permit_pm1
                0x00000000002047cc       0x10 obj_zoul/crypto.o
 .text.crypto_isr
                0x00000000002047dc       0x24 obj_zoul/crypto.o
                0x00000000002047dc                crypto_isr
 .text.crypto_enable
                0x0000000000204800       0x20 obj_zoul/crypto.o
                0x0000000000204800                crypto_enable
 .text.crypto_init
                0x0000000000204820       0x3c obj_zoul/crypto.o
                0x0000000000204820                crypto_init
 .text.crypto_disable
                0x000000000020485c       0x20 obj_zoul/crypto.o
                0x000000000020485c                crypto_disable
 .text.off      0x000000000020487c       0x40 obj_zoul/cc2538-rf.o
 .text.receiving_packet
                0x00000000002048bc       0x18 obj_zoul/cc2538-rf.o
 .text.pending_packet
                0x00000000002048d4       0x10 obj_zoul/cc2538-rf.o
 .text.on       0x00000000002048e4       0x2c obj_zoul/cc2538-rf.o
 .text.set_channel
                0x0000000000204910       0x48 obj_zoul/cc2538-rf.o
 .text.get_value
                0x0000000000204958      0x160 obj_zoul/cc2538-rf.o
 .text.channel_clear
                0x0000000000204ab8       0x3c obj_zoul/cc2538-rf.o
 .text.prepare  0x0000000000204af4       0x64 obj_zoul/cc2538-rf.o
 .text.transmit
                0x0000000000204b58       0x9c obj_zoul/cc2538-rf.o
 .text.set_object
                0x0000000000204bf4       0x30 obj_zoul/cc2538-rf.o
 .text.read     0x0000000000204c24       0xe0 obj_zoul/cc2538-rf.o
 .text.set_poll_mode
                0x0000000000204d04       0x8c obj_zoul/cc2538-rf.o
 .text.set_value
                0x0000000000204d90       0xf0 obj_zoul/cc2538-rf.o
 .text.init     0x0000000000204e80       0xc4 obj_zoul/cc2538-rf.o
 .text.process_thread_cc2538_rf_process
                0x0000000000204f44       0x90 obj_zoul/cc2538-rf.o
 .text.get_object
                0x0000000000204fd4      0x130 obj_zoul/cc2538-rf.o
 .text.cc2538_rf_rx_tx_isr
                0x0000000000205104       0x24 obj_zoul/cc2538-rf.o
                0x0000000000205104                cc2538_rf_rx_tx_isr
 .text.cc2538_rf_err_isr
                0x0000000000205128       0x28 obj_zoul/cc2538-rf.o
                0x0000000000205128                cc2538_rf_err_isr
 .text.udma_init
                0x0000000000205150       0x30 obj_zoul/udma.o
                0x0000000000205150                udma_init
 .text.udma_set_channel_src
                0x0000000000205180       0x10 obj_zoul/udma.o
                0x0000000000205180                udma_set_channel_src
 .text.udma_set_channel_dst
                0x0000000000205190       0x14 obj_zoul/udma.o
                0x0000000000205190                udma_set_channel_dst
 .text.udma_set_channel_control_word
                0x00000000002051a4       0x14 obj_zoul/udma.o
                0x00000000002051a4                udma_set_channel_control_word
 .text.udma_channel_enable
                0x00000000002051b8       0x18 obj_zoul/udma.o
                0x00000000002051b8                udma_channel_enable
 .text.udma_channel_mask_set
                0x00000000002051d0       0x18 obj_zoul/udma.o
                0x00000000002051d0                udma_channel_mask_set
 .text.udma_channel_sw_request
                0x00000000002051e8       0x18 obj_zoul/udma.o
                0x00000000002051e8                udma_channel_sw_request
 .text.udma_channel_get_mode
                0x0000000000205200       0x1c obj_zoul/udma.o
                0x0000000000205200                udma_channel_get_mode
 .text.udma_isr
                0x000000000020521c       0x10 obj_zoul/udma.o
                0x000000000020521c                udma_isr
 .text.udma_err_isr
                0x000000000020522c        0xc obj_zoul/udma.o
                0x000000000020522c                udma_err_isr
 .text.select_32_mhz_xosc
                0x0000000000205238       0x2c obj_zoul/lpm.o
 .text.lpm_exit
                0x0000000000205264       0x30 obj_zoul/lpm.o
                0x0000000000205264                lpm_exit
 .text.lpm_enter
                0x0000000000205294       0xb4 obj_zoul/lpm.o
                0x0000000000205294                lpm_enter
 .text.lpm_register_peripheral
                0x0000000000205348       0x24 obj_zoul/lpm.o
                0x0000000000205348                lpm_register_peripheral
 .text.lpm_init
                0x000000000020536c       0x24 obj_zoul/lpm.o
                0x000000000020536c                lpm_init
 .text.pka_isr  0x0000000000205390       0x24 obj_zoul/pka.o
                0x0000000000205390                pka_isr
 .text.putchar  0x00000000002053b4       0x40 obj_zoul/dbg.o
                0x00000000002053b4                putchar
 .text.ieee_addr_cpy_to
                0x00000000002053f4       0x74 obj_zoul/ieee-addr.o
                0x00000000002053f4                ieee_addr_cpy_to
 .text.slip_arch_init
                0x0000000000205468        0xc obj_zoul/slip-arch.o
                0x0000000000205468                slip_arch_init
 .text.process_thread_slip_process
                0x0000000000205474      0x264 obj_zoul/slip.o
 .text.slip_set_input_callback
                0x00000000002056d8        0xc obj_zoul/slip.o
                0x00000000002056d8                slip_set_input_callback
 .text.slip_send
                0x00000000002056e4       0x58 obj_zoul/slip.o
                0x00000000002056e4                slip_send
 .text.slip_input_byte
                0x000000000020573c       0xac obj_zoul/slip.o
                0x000000000020573c                slip_input_byte
 .text.printf   0x00000000002057e8       0x20 obj_zoul/dbg-printf.o
                0x00000000002057e8                printf
 .text.vsnprintf
                0x0000000000205808       0x28 obj_zoul/dbg-snprintf.o
                0x0000000000205808                vsnprintf
 .text.fill_space
                0x0000000000205830       0x34 obj_zoul/strformat.o
 .text.format_str_v
                0x0000000000205864      0x764 obj_zoul/strformat.o
                0x0000000000205864                format_str_v
 .text.update_time
                0x0000000000205fc8       0x40 obj_zoul/etimer.o
 .text.etimer_request_poll
                0x0000000000206008        0xc obj_zoul/etimer.o
                0x0000000000206008                etimer_request_poll
 .text.process_thread_etimer_process
                0x0000000000206014       0xac obj_zoul/etimer.o
 .text.add_timer
                0x00000000002060c0       0x40 obj_zoul/etimer.o
 .text.etimer_pending
                0x0000000000206100       0x10 obj_zoul/etimer.o
                0x0000000000206100                etimer_pending
 .text.etimer_stop
                0x0000000000206110       0x34 obj_zoul/etimer.o
                0x0000000000206110                etimer_stop
 .text.process_thread_ctimer_process
                0x0000000000206144       0x7c obj_zoul/ctimer.o
 .text.ctimer_init
                0x00000000002061c0       0x28 obj_zoul/ctimer.o
                0x00000000002061c0                ctimer_init
 .text.ctimer_set_with_process
                0x00000000002061e8       0x44 obj_zoul/ctimer.o
                0x00000000002061e8                ctimer_set_with_process
 .text.ctimer_set
                0x000000000020622c       0x14 obj_zoul/ctimer.o
                0x000000000020622c                ctimer_set
 .text.ctimer_reset
                0x0000000000206240       0x38 obj_zoul/ctimer.o
                0x0000000000206240                ctimer_reset
 .text.ctimer_restart
                0x0000000000206278       0x38 obj_zoul/ctimer.o
                0x0000000000206278                ctimer_restart
 .text.ctimer_stop
                0x00000000002062b0       0x2c obj_zoul/ctimer.o
                0x00000000002062b0                ctimer_stop
 .text.call_process.part.0
                0x00000000002062dc       0x38 obj_zoul/process.o
 .text.exit_process
                0x0000000000206314       0x80 obj_zoul/process.o
 .text.do_poll  0x0000000000206394       0x30 obj_zoul/process.o
 .text.process_alloc_event
                0x00000000002063c4       0x10 obj_zoul/process.o
                0x00000000002063c4                process_alloc_event
 .text.process_init
                0x00000000002063d4       0x30 obj_zoul/process.o
                0x00000000002063d4                process_init
 .text.process_run
                0x0000000000206404       0x84 obj_zoul/process.o
                0x0000000000206404                process_run
 .text.process_nevents
                0x0000000000206488       0x14 obj_zoul/process.o
                0x0000000000206488                process_nevents
 .text.process_post
                0x000000000020649c       0x3c obj_zoul/process.o
                0x000000000020649c                process_post
 .text.process_post_synch
                0x00000000002064d8       0x14 obj_zoul/process.o
                0x00000000002064d8                process_post_synch
 .text.process_start
                0x00000000002064ec       0x30 obj_zoul/process.o
                0x00000000002064ec                process_start
 .text.process_poll
                0x000000000020651c       0x18 obj_zoul/process.o
                0x000000000020651c                process_poll
 .text.rtimer_run_next
                0x0000000000206534       0x28 obj_zoul/rtimer.o
                0x0000000000206534                rtimer_run_next
 .text.process_thread_serial_line_process
                0x000000000020655c       0x98 obj_zoul/serial-line.o
 .text.serial_line_input_byte
                0x00000000002065f4       0x48 obj_zoul/serial-line.o
                0x00000000002065f4                serial_line_input_byte
 .text.serial_line_init
                0x000000000020663c       0x24 obj_zoul/serial-line.o
                0x000000000020663c                serial_line_init
 .text.process_thread_sensors_process
                0x0000000000206660       0xd4 obj_zoul/sensors.o
 .text.sensors_changed
                0x0000000000206734       0x3c obj_zoul/sensors.o
                0x0000000000206734                sensors_changed
 .text.random_rand
                0x0000000000206770       0x24 obj_zoul/random.o
                0x0000000000206770                random_rand
 .text.random_init
                0x0000000000206794       0x78 obj_zoul/random.o
                0x0000000000206794                random_init
 .text.echo_reply_input
                0x000000000020680c       0xa0 obj_zoul/uip-icmp6.o
 .text.echo_request_input
                0x00000000002068ac       0xd0 obj_zoul/uip-icmp6.o
 .text.uip_icmp6_input
                0x000000000020697c       0x38 obj_zoul/uip-icmp6.o
                0x000000000020697c                uip_icmp6_input
 .text.uip_icmp6_register_input_handler
                0x00000000002069b4        0xc obj_zoul/uip-icmp6.o
                0x00000000002069b4                uip_icmp6_register_input_handler
 .text.uip_icmp6_error_output
                0x00000000002069c0      0x148 obj_zoul/uip-icmp6.o
                0x00000000002069c0                uip_icmp6_error_output
 .text.uip_icmp6_send
                0x0000000000206b08       0x8c obj_zoul/uip-icmp6.o
                0x0000000000206b08                uip_icmp6_send
 .text.uip_icmp6_init
                0x0000000000206b94       0x1c obj_zoul/uip-icmp6.o
                0x0000000000206b94                uip_icmp6_init
 .text.uip_ds6_prefix_add
                0x0000000000206bb0       0x60 obj_zoul/uip-ds6.o
                0x0000000000206bb0                uip_ds6_prefix_add
 .text.uip_ds6_is_addr_onlink
                0x0000000000206c10       0x3c obj_zoul/uip-ds6.o
                0x0000000000206c10                uip_ds6_is_addr_onlink
 .text.uip_ds6_addr_lookup
                0x0000000000206c4c       0x2c obj_zoul/uip-ds6.o
                0x0000000000206c4c                uip_ds6_addr_lookup
 .text.uip_ds6_get_link_local
                0x0000000000206c78       0x3c obj_zoul/uip-ds6.o
                0x0000000000206c78                uip_ds6_get_link_local
 .text.uip_ds6_get_global
                0x0000000000206cb4       0x3c obj_zoul/uip-ds6.o
                0x0000000000206cb4                uip_ds6_get_global
 .text.uip_ds6_maddr_add
                0x0000000000206cf0       0x4c obj_zoul/uip-ds6.o
                0x0000000000206cf0                uip_ds6_maddr_add
 .text.uip_ds6_addr_add
                0x0000000000206d3c       0x98 obj_zoul/uip-ds6.o
                0x0000000000206d3c                uip_ds6_addr_add
 .text.uip_ds6_maddr_lookup
                0x0000000000206dd4       0x2c obj_zoul/uip-ds6.o
                0x0000000000206dd4                uip_ds6_maddr_lookup
 .text.uip_ds6_addr_rm
                0x0000000000206e00       0x44 obj_zoul/uip-ds6.o
                0x0000000000206e00                uip_ds6_addr_rm
 .text.uip_ds6_periodic
                0x0000000000206e44       0x48 obj_zoul/uip-ds6.o
                0x0000000000206e44                uip_ds6_periodic
 .text.uip_ds6_select_src
                0x0000000000206e8c       0x90 obj_zoul/uip-ds6.o
                0x0000000000206e8c                uip_ds6_select_src
 .text.uip_ds6_compute_reachable_time
                0x0000000000206f1c       0x2c obj_zoul/uip-ds6.o
                0x0000000000206f1c                uip_ds6_compute_reachable_time
 .text.uip_ds6_init
                0x0000000000206f48       0xe4 obj_zoul/uip-ds6.o
                0x0000000000206f48                uip_ds6_init
 .text.call_route_callback
                0x000000000020702c       0x54 obj_zoul/uip-ds6-route.o
 .text.uip_ds6_route_init
                0x0000000000207080       0x4c obj_zoul/uip-ds6-route.o
                0x0000000000207080                uip_ds6_route_init
 .text.uip_ds6_route_nexthop
                0x00000000002070cc       0x1c obj_zoul/uip-ds6-route.o
                0x00000000002070cc                uip_ds6_route_nexthop
 .text.uip_ds6_route_head
                0x00000000002070e8        0xc obj_zoul/uip-ds6-route.o
                0x00000000002070e8                uip_ds6_route_head
 .text.uip_ds6_route_is_nexthop
                0x00000000002070f4       0x20 obj_zoul/uip-ds6-route.o
                0x00000000002070f4                uip_ds6_route_is_nexthop
 .text.uip_ds6_route_lookup
                0x0000000000207114       0x64 obj_zoul/uip-ds6-route.o
                0x0000000000207114                uip_ds6_route_lookup
 .text.uip_ds6_route_rm
                0x0000000000207178       0xa0 obj_zoul/uip-ds6-route.o
                0x0000000000207178                uip_ds6_route_rm
 .text.rm_routelist
                0x0000000000207218       0x30 obj_zoul/uip-ds6-route.o
 .text.uip_ds6_route_add
                0x0000000000207248      0x108 obj_zoul/uip-ds6-route.o
                0x0000000000207248                uip_ds6_route_add
 .text.uip_ds6_defrt_rm
                0x0000000000207350       0x44 obj_zoul/uip-ds6-route.o
                0x0000000000207350                uip_ds6_defrt_rm
 .text.uip_ds6_defrt_lookup
                0x0000000000207394       0x2c obj_zoul/uip-ds6-route.o
                0x0000000000207394                uip_ds6_defrt_lookup
 .text.uip_ds6_defrt_add
                0x00000000002073c0       0x64 obj_zoul/uip-ds6-route.o
                0x00000000002073c0                uip_ds6_defrt_add
 .text.uip_ds6_defrt_choose
                0x0000000000207424       0x30 obj_zoul/uip-ds6-route.o
                0x0000000000207424                uip_ds6_defrt_choose
 .text.uip_ds6_defrt_periodic
                0x0000000000207454       0x3c obj_zoul/uip-ds6-route.o
                0x0000000000207454                uip_ds6_defrt_periodic
 .text.upper_layer_chksum
                0x0000000000207490       0x54 obj_zoul/uip6.o
 .text.ext_hdr_options_process
                0x00000000002074e4       0xbc obj_zoul/uip6.o
 .text.uip_add32
                0x00000000002075a0       0x54 obj_zoul/uip6.o
                0x00000000002075a0                uip_add32
 .text.uip_add_rcv_nxt
                0x00000000002075f4       0x2c obj_zoul/uip6.o
 .text.uip_init
                0x0000000000207620       0x60 obj_zoul/uip6.o
                0x0000000000207620                uip_init
 .text.uip_connect
                0x0000000000207680       0xcc obj_zoul/uip6.o
                0x0000000000207680                uip_connect
 .text.remove_ext_hdr
                0x000000000020774c       0x50 obj_zoul/uip6.o
                0x000000000020774c                remove_ext_hdr
 .text.uip_unlisten
                0x000000000020779c       0x24 obj_zoul/uip6.o
                0x000000000020779c                uip_unlisten
 .text.uip_process
                0x00000000002077c0      0xc9c obj_zoul/uip6.o
                0x00000000002077c0                uip_process
 .text.uip_htonl
                0x000000000020845c       0x1c obj_zoul/uip6.o
                0x000000000020845c                uip_htonl
 .text.uip_send
                0x0000000000208478       0x48 obj_zoul/uip6.o
                0x0000000000208478                uip_send
 .text.uip_ds6_nbr_rm
                0x00000000002084c0       0x20 obj_zoul/uip-ds6-nbr.o
                0x00000000002084c0                uip_ds6_nbr_rm
 .text.uip_ds6_neighbors_init
                0x00000000002084e0       0x1c obj_zoul/uip-ds6-nbr.o
                0x00000000002084e0                uip_ds6_neighbors_init
 .text.uip_ds6_nbr_add
                0x00000000002084fc       0x3c obj_zoul/uip-ds6-nbr.o
                0x00000000002084fc                uip_ds6_nbr_add
 .text.uip_ds6_nbr_get_ll
                0x0000000000208538       0x10 obj_zoul/uip-ds6-nbr.o
                0x0000000000208538                uip_ds6_nbr_get_ll
 .text.uip_ds6_nbr_lookup
                0x0000000000208548       0x38 obj_zoul/uip-ds6-nbr.o
                0x0000000000208548                uip_ds6_nbr_lookup
 .text.uip_ds6_nbr_ll_lookup
                0x0000000000208580       0x10 obj_zoul/uip-ds6-nbr.o
                0x0000000000208580                uip_ds6_nbr_ll_lookup
 .text.uip_ds6_link_neighbor_callback
                0x0000000000208590       0x34 obj_zoul/uip-ds6-nbr.o
                0x0000000000208590                uip_ds6_link_neighbor_callback
 .text.clear_fragments
                0x00000000002085c4       0x38 obj_zoul/sicslowpan.o
 .text.sicslowpan_init
                0x00000000002085fc       0x24 obj_zoul/sicslowpan.o
                0x00000000002085fc                sicslowpan_init
 .text.compress_addr_64
                0x0000000000208620       0x90 obj_zoul/sicslowpan.o
 .text.set_packet_attrs
                0x00000000002086b0       0x40 obj_zoul/sicslowpan.o
 .text.addr_context_lookup_by_prefix
                0x00000000002086f0       0x28 obj_zoul/sicslowpan.o
 .text.send_packet
                0x0000000000208718       0x24 obj_zoul/sicslowpan.o
 .text.packet_sent
                0x000000000020873c       0x28 obj_zoul/sicslowpan.o
 .text.store_fragment
                0x0000000000208764       0x68 obj_zoul/sicslowpan.o
 .text.uncompress_addr
                0x00000000002087cc       0x7c obj_zoul/sicslowpan.o
 .text.output   0x0000000000208848      0x6d4 obj_zoul/sicslowpan.o
 .text.add_fragment
                0x0000000000208f1c      0x14c obj_zoul/sicslowpan.o
 .text.input    0x0000000000209068      0x578 obj_zoul/sicslowpan.o
 .text.newdata  0x00000000002095e0       0x60 obj_zoul/tcp-socket.o
 .text.senddata
                0x0000000000209640       0x28 obj_zoul/tcp-socket.o
 .text.process_thread_tcp_socket_process
                0x0000000000209668      0x1cc obj_zoul/tcp-socket.o
 .text.tcp_socket_register
                0x0000000000209834       0x70 obj_zoul/tcp-socket.o
                0x0000000000209834                tcp_socket_register
 .text.tcp_socket_connect
                0x00000000002098a4       0x50 obj_zoul/tcp-socket.o
                0x00000000002098a4                tcp_socket_connect
 .text.tcp_socket_unlisten
                0x00000000002098f4       0x3c obj_zoul/tcp-socket.o
                0x00000000002098f4                tcp_socket_unlisten
 .text.tcp_socket_unregister
                0x0000000000209930       0x2c obj_zoul/tcp-socket.o
                0x0000000000209930                tcp_socket_unregister
 .text.uip_debug_ipaddr_print
                0x000000000020995c       0xb0 obj_zoul/uip-debug.o
                0x000000000020995c                uip_debug_ipaddr_print
 .text.start_periodic_tcp_timer
                0x0000000000209a0c       0x1c obj_zoul/tcpip.o
 .text.tcpip_output
                0x0000000000209a28       0x10 obj_zoul/tcpip.o
                0x0000000000209a28                tcpip_output
 .text.tcpip_set_outputfunc
                0x0000000000209a38        0xc obj_zoul/tcpip.o
                0x0000000000209a38                tcpip_set_outputfunc
 .text.tcp_unlisten
                0x0000000000209a44       0x38 obj_zoul/tcpip.o
                0x0000000000209a44                tcp_unlisten
 .text.tcp_attach
                0x0000000000209a7c       0x10 obj_zoul/tcpip.o
                0x0000000000209a7c                tcp_attach
 .text.tcpip_icmp6_call
                0x0000000000209a8c       0x28 obj_zoul/tcpip.o
                0x0000000000209a8c                tcpip_icmp6_call
 .text.tcpip_input
                0x0000000000209ab4       0x24 obj_zoul/tcpip.o
                0x0000000000209ab4                tcpip_input
 .text.tcpip_ipv6_output
                0x0000000000209ad8       0xec obj_zoul/tcpip.o
                0x0000000000209ad8                tcpip_ipv6_output
 .text.process_thread_tcpip_process
                0x0000000000209bc4      0x1b4 obj_zoul/tcpip.o
 .text.tcpip_poll_tcp
                0x0000000000209d78       0x10 obj_zoul/tcpip.o
                0x0000000000209d78                tcpip_poll_tcp
 .text.tcp_connect
                0x0000000000209d88       0x20 obj_zoul/tcpip.o
                0x0000000000209d88                tcp_connect
 .text.tcpip_uipcall
                0x0000000000209da8       0x6c obj_zoul/tcpip.o
                0x0000000000209da8                tcpip_uipcall
 .text.update_nbr
                0x0000000000209e14       0xe8 obj_zoul/rpl-nbr-policy.o
 .text.handle_periodic_timer
                0x0000000000209efc       0x14 obj_zoul/rpl-nbr-policy.o
 .text.find_removable_dis
                0x0000000000209f10       0x20 obj_zoul/rpl-nbr-policy.o
                0x0000000000209f10                find_removable_dis
 .text.find_removable_dio
                0x0000000000209f30       0x3c obj_zoul/rpl-nbr-policy.o
                0x0000000000209f30                find_removable_dio
 .text.find_removable_dao
                0x0000000000209f6c       0x38 obj_zoul/rpl-nbr-policy.o
                0x0000000000209f6c                find_removable_dao
 .text.rpl_nbr_policy_find_removable
                0x0000000000209fa4       0x28 obj_zoul/rpl-nbr-policy.o
                0x0000000000209fa4                rpl_nbr_policy_find_removable
 .text.new_dio_interval
                0x0000000000209fcc       0x5c obj_zoul/rpl-timers.o
 .text.handle_periodic_timer
                0x000000000020a028       0x4c obj_zoul/rpl-timers.o
 .text.set_dao_lifetime_timer
                0x000000000020a074       0x4c obj_zoul/rpl-timers.o
 .text.handle_dio_timer
                0x000000000020a0c0       0x80 obj_zoul/rpl-timers.o
 .text.schedule_dao
                0x000000000020a140       0x50 obj_zoul/rpl-timers.o
 .text.handle_dao_timer
                0x000000000020a190       0x58 obj_zoul/rpl-timers.o
 .text.rpl_reset_periodic_timer
                0x000000000020a1e8       0x34 obj_zoul/rpl-timers.o
                0x000000000020a1e8                rpl_reset_periodic_timer
 .text.rpl_schedule_unicast_dio_immediately
                0x000000000020a21c       0x14 obj_zoul/rpl-timers.o
                0x000000000020a21c                rpl_schedule_unicast_dio_immediately
 .text.get_probing_target
                0x000000000020a230       0xb8 obj_zoul/rpl-timers.o
                0x000000000020a230                get_probing_target
 .text.rpl_schedule_probing
                0x000000000020a2e8       0x20 obj_zoul/rpl-timers.o
                0x000000000020a2e8                rpl_schedule_probing
 .text.update_hbh_header
                0x000000000020a308       0xc8 obj_zoul/rpl-ext-header.o
 .text.insert_hbh_header
                0x000000000020a3d0       0xa0 obj_zoul/rpl-ext-header.o
 .text.rpl_verify_hbh_header
                0x000000000020a470       0xfc obj_zoul/rpl-ext-header.o
                0x000000000020a470                rpl_verify_hbh_header
 .text.rpl_remove_header
                0x000000000020a56c       0x74 obj_zoul/rpl-ext-header.o
                0x000000000020a56c                rpl_remove_header
 .text.rpl_update_header
                0x000000000020a5e0       0x64 obj_zoul/rpl-ext-header.o
                0x000000000020a5e0                rpl_update_header
 .text.rpl_get_mode
                0x000000000020a644        0xc obj_zoul/rpl.o
                0x000000000020a644                rpl_get_mode
 .text.rpl_purge_routes
                0x000000000020a650       0x68 obj_zoul/rpl.o
                0x000000000020a650                rpl_purge_routes
 .text.rpl_link_neighbor_callback
                0x000000000020a6b8       0x3c obj_zoul/rpl.o
                0x000000000020a6b8                rpl_link_neighbor_callback
 .text.rpl_ipv6_neighbor_callback
                0x000000000020a6f4       0x28 obj_zoul/rpl.o
                0x000000000020a6f4                rpl_ipv6_neighbor_callback
 .text.rpl_purge_dags
                0x000000000020a71c       0x58 obj_zoul/rpl.o
                0x000000000020a71c                rpl_purge_dags
 .text.rpl_init
                0x000000000020a774       0x34 obj_zoul/rpl.o
                0x000000000020a774                rpl_init
 .text.dao_ack_input
                0x000000000020a7a8       0x14 obj_zoul/rpl-icmp6.o
 .text.dio_input
                0x000000000020a7bc      0x238 obj_zoul/rpl-icmp6.o
 .text.dao_input
                0x000000000020a9f4      0x25c obj_zoul/rpl-icmp6.o
 .text.dis_output
                0x000000000020ac50       0x3c obj_zoul/rpl-icmp6.o
                0x000000000020ac50                dis_output
 .text.dio_output
                0x000000000020ac8c      0x1f4 obj_zoul/rpl-icmp6.o
                0x000000000020ac8c                dio_output
 .text.dis_input
                0x000000000020ae80       0x50 obj_zoul/rpl-icmp6.o
 .text.dao_output_target
                0x000000000020aed0      0x100 obj_zoul/rpl-icmp6.o
                0x000000000020aed0                dao_output_target
 .text.dao_output
                0x000000000020afd0       0x94 obj_zoul/rpl-icmp6.o
                0x000000000020afd0                dao_output
 .text.rpl_icmp6_register_handlers
                0x000000000020b064       0x30 obj_zoul/rpl-icmp6.o
                0x000000000020b064                rpl_icmp6_register_handlers
 .text.rpl_set_preferred_parent
                0x000000000020b094       0x28 obj_zoul/rpl-dag.o
 .text.set_ip_from_prefix
                0x000000000020b0bc       0x2c obj_zoul/rpl-dag.o
 .text.find_parent_any_dag_any_instance
                0x000000000020b0e8       0x1c obj_zoul/rpl-dag.o
 .text.rpl_dag_init
                0x000000000020b104       0x14 obj_zoul/rpl-dag.o
                0x000000000020b104                rpl_dag_init
 .text.rpl_get_parent
                0x000000000020b118       0x10 obj_zoul/rpl-dag.o
                0x000000000020b118                rpl_get_parent
 .text.rpl_get_parent_lladdr
                0x000000000020b128       0x10 obj_zoul/rpl-dag.o
                0x000000000020b128                rpl_get_parent_lladdr
 .text.best_parent
                0x000000000020b138       0x74 obj_zoul/rpl-dag.o
 .text.rpl_alloc_instance
                0x000000000020b1ac       0x38 obj_zoul/rpl-dag.o
                0x000000000020b1ac                rpl_alloc_instance
 .text.rpl_add_parent
                0x000000000020b1e4       0x30 obj_zoul/rpl-dag.o
                0x000000000020b1e4                rpl_add_parent
 .text.rpl_remove_parent
                0x000000000020b214       0x1c obj_zoul/rpl-dag.o
                0x000000000020b214                rpl_remove_parent
 .text.remove_parents.constprop.0
                0x000000000020b230       0x2c obj_zoul/rpl-dag.o
 .text.rpl_get_any_dag
                0x000000000020b25c       0x18 obj_zoul/rpl-dag.o
                0x000000000020b25c                rpl_get_any_dag
 .text.rpl_get_instance
                0x000000000020b274       0x1c obj_zoul/rpl-dag.o
                0x000000000020b274                rpl_get_instance
 .text.rpl_find_of
                0x000000000020b290       0x14 obj_zoul/rpl-dag.o
                0x000000000020b290                rpl_find_of
 .text.rpl_set_root
                0x000000000020b2a4      0x104 obj_zoul/rpl-dag.o
                0x000000000020b2a4                rpl_set_root
 .text.rpl_join_instance
                0x000000000020b3a8      0x130 obj_zoul/rpl-dag.o
                0x000000000020b3a8                rpl_join_instance
 .text.rpl_local_repair
                0x000000000020b4d8       0x70 obj_zoul/rpl-dag.o
                0x000000000020b4d8                rpl_local_repair
 .text.rpl_recalculate_ranks
                0x000000000020b548       0x3c obj_zoul/rpl-dag.o
                0x000000000020b548                rpl_recalculate_ranks
 .text.queuebuf_init
                0x000000000020b584       0x1c obj_zoul/queuebuf.o
                0x000000000020b584                queuebuf_init
 .text.queuebuf_numfree
                0x000000000020b5a0        0xc obj_zoul/queuebuf.o
                0x000000000020b5a0                queuebuf_numfree
 .text.queuebuf_new_from_packetbuf
                0x000000000020b5ac       0x44 obj_zoul/queuebuf.o
                0x000000000020b5ac                queuebuf_new_from_packetbuf
 .text.queuebuf_free
                0x000000000020b5f0       0x2c obj_zoul/queuebuf.o
                0x000000000020b5f0                queuebuf_free
 .text.queuebuf_to_packetbuf
                0x000000000020b61c       0x30 obj_zoul/queuebuf.o
                0x000000000020b61c                queuebuf_to_packetbuf
 .text.key_from_index
                0x000000000020b64c       0x18 obj_zoul/nbr-table.o
 .text.index_from_key
                0x000000000020b664       0x20 obj_zoul/nbr-table.o
 .text.index_from_lladdr
                0x000000000020b684       0x40 obj_zoul/nbr-table.o
 .text.nbr_get_bit.constprop.0
                0x000000000020b6c4       0x24 obj_zoul/nbr-table.o
 .text.remove_key
                0x000000000020b6e8       0x64 obj_zoul/nbr-table.o
 .text.nbr_table_register
                0x000000000020b74c       0x28 obj_zoul/nbr-table.o
                0x000000000020b74c                nbr_table_register
 .text.nbr_table_head
                0x000000000020b774       0x38 obj_zoul/nbr-table.o
                0x000000000020b774                nbr_table_head
 .text.nbr_table_add_lladdr
                0x000000000020b7ac       0xf8 obj_zoul/nbr-table.o
                0x000000000020b7ac                nbr_table_add_lladdr
 .text.nbr_table_remove
                0x000000000020b8a4       0x2c obj_zoul/nbr-table.o
                0x000000000020b8a4                nbr_table_remove
 .text.nbr_table_lock
                0x000000000020b8d0       0x10 obj_zoul/nbr-table.o
                0x000000000020b8d0                nbr_table_lock
 .text.nbr_table_unlock
                0x000000000020b8e0       0x10 obj_zoul/nbr-table.o
                0x000000000020b8e0                nbr_table_unlock
 .text.packetbuf_hdrreduce
                0x000000000020b8f0       0x28 obj_zoul/packetbuf.o
                0x000000000020b8f0                packetbuf_hdrreduce
 .text.packetbuf_set_datalen
                0x000000000020b918        0xc obj_zoul/packetbuf.o
                0x000000000020b918                packetbuf_set_datalen
 .text.packetbuf_hdrptr
                0x000000000020b924        0x8 obj_zoul/packetbuf.o
                0x000000000020b924                packetbuf_hdrptr
 .text.packetbuf_datalen
                0x000000000020b92c        0xc obj_zoul/packetbuf.o
                0x000000000020b92c                packetbuf_datalen
 .text.packetbuf_hdrlen
                0x000000000020b938       0x18 obj_zoul/packetbuf.o
                0x000000000020b938                packetbuf_hdrlen
 .text.packetbuf_dataptr
                0x000000000020b950       0x10 obj_zoul/packetbuf.o
                0x000000000020b950                packetbuf_dataptr
 .text.packetbuf_copyto
                0x000000000020b960       0x40 obj_zoul/packetbuf.o
                0x000000000020b960                packetbuf_copyto
 .text.packetbuf_totlen
                0x000000000020b9a0       0x14 obj_zoul/packetbuf.o
                0x000000000020b9a0                packetbuf_totlen
 .text.packetbuf_hdralloc
                0x000000000020b9b4       0x40 obj_zoul/packetbuf.o
                0x000000000020b9b4                packetbuf_hdralloc
 .text.packetbuf_attr_clear
                0x000000000020b9f4       0x34 obj_zoul/packetbuf.o
                0x000000000020b9f4                packetbuf_attr_clear
 .text.packetbuf_clear
                0x000000000020ba28       0x20 obj_zoul/packetbuf.o
                0x000000000020ba28                packetbuf_clear
 .text.packetbuf_copyfrom
                0x000000000020ba48       0x2c obj_zoul/packetbuf.o
                0x000000000020ba48                packetbuf_copyfrom
 .text.packetbuf_attr_copyto
                0x000000000020ba74       0x34 obj_zoul/packetbuf.o
                0x000000000020ba74                packetbuf_attr_copyto
 .text.packetbuf_attr_copyfrom
                0x000000000020baa8       0x34 obj_zoul/packetbuf.o
                0x000000000020baa8                packetbuf_attr_copyfrom
 .text.packetbuf_set_attr
                0x000000000020badc       0x10 obj_zoul/packetbuf.o
                0x000000000020badc                packetbuf_set_attr
 .text.packetbuf_attr
                0x000000000020baec        0xc obj_zoul/packetbuf.o
                0x000000000020baec                packetbuf_attr
 .text.packetbuf_set_addr
                0x000000000020baf8       0x18 obj_zoul/packetbuf.o
                0x000000000020baf8                packetbuf_set_addr
 .text.packetbuf_addr
                0x000000000020bb10       0x10 obj_zoul/packetbuf.o
                0x000000000020bb10                packetbuf_addr
 .text.packetbuf_holds_broadcast
                0x000000000020bb20       0x10 obj_zoul/packetbuf.o
                0x000000000020bb20                packetbuf_holds_broadcast
 .text.netstack_init
                0x000000000020bb30       0x38 obj_zoul/netstack.o
                0x000000000020bb30                netstack_init
 .text.periodic
                0x000000000020bb68       0x30 obj_zoul/link-stats.o
 .text.link_stats_from_lladdr
                0x000000000020bb98        0xc obj_zoul/link-stats.o
                0x000000000020bb98                link_stats_from_lladdr
 .text.link_stats_packet_sent
                0x000000000020bba4       0x78 obj_zoul/link-stats.o
                0x000000000020bba4                link_stats_packet_sent
 .text.link_stats_input_callback
                0x000000000020bc1c       0x4c obj_zoul/link-stats.o
                0x000000000020bc1c                link_stats_input_callback
 .text.link_stats_init
                0x000000000020bc68       0x28 obj_zoul/link-stats.o
                0x000000000020bc68                link_stats_init
 .text.mac_sequence_is_duplicate
                0x000000000020bc90       0x50 obj_zoul/mac-sequence.o
                0x000000000020bc90                mac_sequence_is_duplicate
 .text.mac_sequence_register_seqno
                0x000000000020bce0       0x68 obj_zoul/mac-sequence.o
                0x000000000020bce0                mac_sequence_register_seqno
 .text.create_frame.isra.0
                0x000000000020bd48      0x130 obj_zoul/framer-802154.o
 .text.input_packet
                0x000000000020be78        0xc obj_zoul/csma.o
 .text.on       0x000000000020be84        0xc obj_zoul/csma.o
 .text.off      0x000000000020be90        0xc obj_zoul/csma.o
 .text.channel_check_interval
                0x000000000020be9c       0x10 obj_zoul/csma.o
 .text.schedule_transmission
                0x000000000020beac       0x4c obj_zoul/csma.o
 .text.send_packet
                0x000000000020bef8      0x13c obj_zoul/csma.o
 .text.init     0x000000000020c034       0x24 obj_zoul/csma.o
 .text.transmit_packet_list
                0x000000000020c058       0x30 obj_zoul/csma.o
 .text.tx_done  0x000000000020c088       0x7c obj_zoul/csma.o
 .text.packet_sent
                0x000000000020c104       0xdc obj_zoul/csma.o
 .text.frame802154_get_pan_id
                0x000000000020c1e0        0xc obj_zoul/frame802154.o
                0x000000000020c1e0                frame802154_get_pan_id
 .text.frame802154_parse
                0x000000000020c1ec      0x178 obj_zoul/frame802154.o
                0x000000000020c1ec                frame802154_parse
 .text.on       0x000000000020c364        0xc obj_zoul/nullrdc.o
 .text.send_one_packet
                0x000000000020c370      0x114 obj_zoul/nullrdc.o
 .text.off      0x000000000020c484       0x18 obj_zoul/nullrdc.o
 .text.packet_input
                0x000000000020c49c       0x54 obj_zoul/nullrdc.o
 .text.input    0x000000000020c4f0        0xc obj_zoul/nullsec.o
 .text.send     0x000000000020c4fc       0x20 obj_zoul/nullsec.o
 .text.mqtt_event
                0x000000000020c51c      0x11c mqtt_publisher.co
 .text.request_prefix
                0x000000000020c638       0x2c mqtt_publisher.co
                0x000000000020c638                request_prefix
 .text.process_thread_mqtt_publisher_process
                0x000000000020c664      0x4c8 mqtt_publisher.co
 .text.set_prefix_64
                0x000000000020cb2c       0x70 mqtt_publisher.co
                0x000000000020cb2c                set_prefix_64
 .text.init     0x000000000020cb9c       0x24 obj_zoul/slip-bridge.o
 .text.slip_input_callback
                0x000000000020cbc0       0xe0 obj_zoul/slip-bridge.o
 .text.output   0x000000000020cca0       0x4c obj_zoul/slip-bridge.o
 .text          0x000000000020ccec       0x30 /usr/lib/gcc/arm-none-eabi/9.2.1/thumb/v7-m/nofp/libgcc.a(_aeabi_uldivmod.o)
                0x000000000020ccec                __aeabi_uldivmod
 .text          0x000000000020cd1c      0x2c4 /usr/lib/gcc/arm-none-eabi/9.2.1/thumb/v7-m/nofp/libgcc.a(_udivmoddi4.o)
                0x000000000020cd1c                __udivmoddi4
 .text          0x000000000020cfe0        0x4 /usr/lib/gcc/arm-none-eabi/9.2.1/thumb/v7-m/nofp/libgcc.a(_dvmd_tls.o)
                0x000000000020cfe0                __aeabi_ldiv0
                0x000000000020cfe0                __aeabi_idiv0
 .text          0x000000000020cfe4       0x60 /usr/lib/gcc/arm-none-eabi/9.2.1/../../../arm-none-eabi/lib/thumb/v7-m/nofp/libc.a(lib_a-memcmp.o)
                0x000000000020cfe4                memcmp
 .text          0x000000000020d044       0xec /usr/lib/gcc/arm-none-eabi/9.2.1/../../../arm-none-eabi/lib/thumb/v7-m/nofp/libc.a(lib_a-memcpy.o)
                0x000000000020d044                memcpy
 .text          0x000000000020d130       0xcc /usr/lib/gcc/arm-none-eabi/9.2.1/../../../arm-none-eabi/lib/thumb/v7-m/nofp/libc.a(lib_a-memmove.o)
                0x000000000020d130                memmove
 .text          0x000000000020d1fc       0xa0 /usr/lib/gcc/arm-none-eabi/9.2.1/../../../arm-none-eabi/lib/thumb/v7-m/nofp/libc.a(lib_a-memset.o)
                0x000000000020d1fc                memset
 .text          0x000000000020d29c       0x5c /usr/lib/gcc/arm-none-eabi/9.2.1/../../../arm-none-eabi/lib/thumb/v7-m/nofp/libc.a(lib_a-strlen-stub.o)
                0x000000000020d29c                strlen
 .text          0x000000000020d2f8       0xa0 /usr/lib/gcc/arm-none-eabi/9.2.1/../../../arm-none-eabi/lib/thumb/v7-m/nofp/libc.a(lib_a-strncmp.o)
                0x000000000020d2f8                strncmp
 .text.default_handler
                0x000000000020d398        0x2 obj_zoul/startup-gcc.o
                0x000000000020d398                default_handler
 .text.nmi_handler
                0x000000000020d39a        0x6 obj_zoul/startup-gcc.o
                0x000000000020d39a                nmi_handler
 .text.encode_remaining_length
                0x000000000020d3a0       0x30 obj_zoul/mqtt.o
 .text.reset_packet
                0x000000000020d3d0       0x14 obj_zoul/mqtt.o
 .text.abort_connection
                0x000000000020d3e4       0x3e obj_zoul/mqtt.o
 .text.send_out_buffer
                0x000000000020d422       0x22 obj_zoul/mqtt.o
 .text.write_byte
                0x000000000020d444       0x20 obj_zoul/mqtt.o
 .text.write_bytes
                0x000000000020d464       0x4e obj_zoul/mqtt.o
 .text.string_to_mqtt_string
                0x000000000020d4b2       0x14 obj_zoul/mqtt.o
 .text.status   0x000000000020d4c6        0x4 obj_zoul/adc-zoul.o
 .text.fade     0x000000000020d4ca       0x58 obj_zoul/contiki-main.o
 .text.board_init
                0x000000000020d522        0x4 obj_zoul/board.o
                0x000000000020d522                board_init
 .text.clock_isr
                0x000000000020d526        0x4 obj_zoul/clock.o
                0x000000000020d526                clock_isr
 .text.rtimer_arch_init
                0x000000000020d52a        0x2 obj_zoul/rtimer-arch.o
                0x000000000020d52a                rtimer_arch_init
 .text.uart0_isr
                0x000000000020d52c        0x6 obj_zoul/uart.o
                0x000000000020d52c                uart0_isr
 .text.uart1_isr
                0x000000000020d532        0x6 obj_zoul/uart.o
                0x000000000020d532                uart1_isr
 .text.cpu_cpsie
                0x000000000020d538        0x8 obj_zoul/cpu.o
                0x000000000020d538                cpu_cpsie
 .text.cpu_cpsid
                0x000000000020d540        0x8 obj_zoul/cpu.o
                0x000000000020d540                cpu_cpsid
 .text.gpio_port_a_isr
                0x000000000020d548        0x6 obj_zoul/gpio.o
                0x000000000020d548                gpio_port_a_isr
 .text.gpio_port_b_isr
                0x000000000020d54e        0x6 obj_zoul/gpio.o
                0x000000000020d54e                gpio_port_b_isr
 .text.gpio_port_c_isr
                0x000000000020d554        0x6 obj_zoul/gpio.o
                0x000000000020d554                gpio_port_c_isr
 .text.gpio_port_d_isr
                0x000000000020d55a        0x6 obj_zoul/gpio.o
                0x000000000020d55a                gpio_port_d_isr
 .text.send     0x000000000020d560       0x12 obj_zoul/cc2538-rf.o
 .text.dbg_send_bytes
                0x000000000020d572       0x22 obj_zoul/dbg.o
                0x000000000020d572                dbg_send_bytes
 .text.puts     0x000000000020d594       0x1c obj_zoul/dbg.o
                0x000000000020d594                puts
 .text.slip_arch_writeb
                0x000000000020d5b0        0x8 obj_zoul/slip-arch.o
                0x000000000020d5b0                slip_arch_writeb
 .text.configure
                0x000000000020d5b8        0x4 obj_zoul/cc2538-temp-sensor.o
 .text.status   0x000000000020d5bc        0x4 obj_zoul/cc2538-temp-sensor.o
 .text.value    0x000000000020d5c0       0x34 obj_zoul/cc2538-temp-sensor.o
 .text.configure
                0x000000000020d5f4        0x4 obj_zoul/vdd3-sensor.o
 .text.status   0x000000000020d5f8        0x4 obj_zoul/vdd3-sensor.o
 .text.value    0x000000000020d5fc       0x2a obj_zoul/vdd3-sensor.o
 .text.write_str
                0x000000000020d626       0x10 obj_zoul/dbg-printf.o
 .text.buffer_str
                0x000000000020d636       0x28 obj_zoul/dbg-snprintf.o
 .text.snprintf
                0x000000000020d65e       0x1a obj_zoul/dbg-snprintf.o
                0x000000000020d65e                snprintf
 .text.stimer_set
                0x000000000020d678        0xe obj_zoul/stimer.o
                0x000000000020d678                stimer_set
 .text.stimer_expired
                0x000000000020d686       0x1e obj_zoul/stimer.o
                0x000000000020d686                stimer_expired
 .text.autostart_start
                0x000000000020d6a4       0x14 obj_zoul/autostart.o
                0x000000000020d6a4                autostart_start
 .text.energest_init
                0x000000000020d6b8        0x2 obj_zoul/energest.o
                0x000000000020d6b8                energest_init
 .text.etimer_set
                0x000000000020d6ba       0x12 obj_zoul/etimer.o
                0x000000000020d6ba                etimer_set
 .text.etimer_reset
                0x000000000020d6cc       0x12 obj_zoul/etimer.o
                0x000000000020d6cc                etimer_reset
 .text.etimer_restart
                0x000000000020d6de       0x12 obj_zoul/etimer.o
                0x000000000020d6de                etimer_restart
 .text.etimer_expired
                0x000000000020d6f0        0xa obj_zoul/etimer.o
                0x000000000020d6f0                etimer_expired
 .text.etimer_expiration_time
                0x000000000020d6fa        0x8 obj_zoul/etimer.o
                0x000000000020d6fa                etimer_expiration_time
 .text.call_process
                0x000000000020d702        0xc obj_zoul/process.o
 .text.rtimer_init
                0x000000000020d70e        0x4 obj_zoul/rtimer.o
                0x000000000020d70e                rtimer_init
 .text.timer_set
                0x000000000020d712        0xe obj_zoul/timer.o
                0x000000000020d712                timer_set
 .text.timer_reset
                0x000000000020d720        0xa obj_zoul/timer.o
                0x000000000020d720                timer_reset
 .text.timer_restart
                0x000000000020d72a        0xc obj_zoul/timer.o
                0x000000000020d72a                timer_restart
 .text.timer_expired
                0x000000000020d736       0x1c obj_zoul/timer.o
                0x000000000020d736                timer_expired
 .text.list_init
                0x000000000020d752        0x6 obj_zoul/list.o
                0x000000000020d752                list_init
 .text.list_head
                0x000000000020d758        0x4 obj_zoul/list.o
                0x000000000020d758                list_head
 .text.list_tail
                0x000000000020d75c       0x10 obj_zoul/list.o
                0x000000000020d75c                list_tail
 .text.list_remove
                0x000000000020d76c       0x26 obj_zoul/list.o
                0x000000000020d76c                list_remove
 .text.list_add
                0x000000000020d792       0x1a obj_zoul/list.o
                0x000000000020d792                list_add
 .text.list_push
                0x000000000020d7ac        0xe obj_zoul/list.o
                0x000000000020d7ac                list_push
 .text.list_length
                0x000000000020d7ba        0xe obj_zoul/list.o
                0x000000000020d7ba                list_length
 .text.list_item_next
                0x000000000020d7c8        0x6 obj_zoul/list.o
                0x000000000020d7c8                list_item_next
 .text.memb_init
                0x000000000020d7ce       0x20 obj_zoul/memb.o
                0x000000000020d7ce                memb_init
 .text.memb_alloc
                0x000000000020d7ee       0x28 obj_zoul/memb.o
                0x000000000020d7ee                memb_alloc
 .text.memb_free
                0x000000000020d816       0x2c obj_zoul/memb.o
                0x000000000020d816                memb_free
 .text.memb_inmemb
                0x000000000020d842       0x1c obj_zoul/memb.o
                0x000000000020d842                memb_inmemb
 .text.memb_numfree
                0x000000000020d85e       0x1c obj_zoul/memb.o
                0x000000000020d85e                memb_numfree
 .text.ringbuf_init
                0x000000000020d87a        0xe obj_zoul/ringbuf.o
                0x000000000020d87a                ringbuf_init
 .text.ringbuf_put
                0x000000000020d888       0x26 obj_zoul/ringbuf.o
                0x000000000020d888                ringbuf_put
 .text.ringbuf_get
                0x000000000020d8ae       0x20 obj_zoul/ringbuf.o
                0x000000000020d8ae                ringbuf_get
 .text.uip_ds6_list_loop
                0x000000000020d8ce       0x48 obj_zoul/uip-ds6.o
                0x000000000020d8ce                uip_ds6_list_loop
 .text.uip_ds6_maddr_rm
                0x000000000020d916        0x8 obj_zoul/uip-ds6.o
                0x000000000020d916                uip_ds6_maddr_rm
 .text.uip_ds6_set_addr_iid
                0x000000000020d91e       0x12 obj_zoul/uip-ds6.o
                0x000000000020d91e                uip_ds6_set_addr_iid
 .text.get_match_length
                0x000000000020d930       0x36 obj_zoul/uip-ds6.o
                0x000000000020d930                get_match_length
 .text.uip_ds6_route_next
                0x000000000020d966        0x8 obj_zoul/uip-ds6-route.o
                0x000000000020d966                uip_ds6_route_next
 .text.rm_routelist_callback
                0x000000000020d96e        0x4 obj_zoul/uip-ds6-route.o
 .text.chksum   0x000000000020d972       0x52 obj_zoul/uip6.o
 .text.uip_icmp6chksum
                0x000000000020d9c4        0x6 obj_zoul/uip6.o
                0x000000000020d9c4                uip_icmp6chksum
 .text.uip_tcpchksum
                0x000000000020d9ca        0x6 obj_zoul/uip6.o
                0x000000000020d9ca                uip_tcpchksum
 .text.uip_udpchksum
                0x000000000020d9d0        0x6 obj_zoul/uip6.o
                0x000000000020d9d0                uip_udpchksum
 .text.uip_htons
                0x000000000020d9d6        0x6 obj_zoul/uip6.o
                0x000000000020d9d6                uip_htons
 .text.uip_ds6_nbr_ipaddr_from_lladdr
                0x000000000020d9dc        0x4 obj_zoul/uip-ds6-nbr.o
                0x000000000020d9dc                uip_ds6_nbr_ipaddr_from_lladdr
 .text.uip_ds6_nbr_lladdr_from_ipaddr
                0x000000000020d9e0       0x12 obj_zoul/uip-ds6-nbr.o
                0x000000000020d9e0                uip_ds6_nbr_lladdr_from_ipaddr
 .text.uip_nd6_init
                0x000000000020d9f2        0x2 obj_zoul/uip-nd6.o
                0x000000000020d9f2                uip_nd6_init
 .text.call_event
                0x000000000020d9f4       0x16 obj_zoul/tcp-socket.o
 .text.relisten
                0x000000000020da0a       0x14 obj_zoul/tcp-socket.o
 .text.tcp_socket_send
                0x000000000020da1e       0x34 obj_zoul/tcp-socket.o
                0x000000000020da1e                tcp_socket_send
 .text.tcp_socket_close
                0x000000000020da52       0x18 obj_zoul/tcp-socket.o
                0x000000000020da52                tcp_socket_close
 .text.uiplib_ip6addrconv
                0x000000000020da6a       0xb4 obj_zoul/uiplib.o
                0x000000000020da6a                uiplib_ip6addrconv
 .text.handle_unicast_dio_timer
                0x000000000020db1e       0x1c obj_zoul/rpl-timers.o
 .text.rpl_reset_dio_timer
                0x000000000020db3a       0x1c obj_zoul/rpl-timers.o
                0x000000000020db3a                rpl_reset_dio_timer
 .text.rpl_schedule_dao
                0x000000000020db56        0x8 obj_zoul/rpl-timers.o
                0x000000000020db56                rpl_schedule_dao
 .text.get_probing_delay
                0x000000000020db5e       0x3a obj_zoul/rpl-timers.o
                0x000000000020db5e                get_probing_delay
 .text.handle_probing_timer
                0x000000000020db98       0x32 obj_zoul/rpl-timers.o
 .text.rpl_remove_routes
                0x000000000020dbca       0x1e obj_zoul/rpl.o
                0x000000000020dbca                rpl_remove_routes
 .text.rpl_remove_routes_by_nexthop
                0x000000000020dbe8       0x30 obj_zoul/rpl.o
                0x000000000020dbe8                rpl_remove_routes_by_nexthop
 .text.rpl_add_route
                0x000000000020dc18       0x30 obj_zoul/rpl.o
                0x000000000020dc18                rpl_add_route
 .text.reset    0x000000000020dc48        0x2 obj_zoul/rpl-mrhof.o
 .text.update_metric_container
                0x000000000020dc4a        0x6 obj_zoul/rpl-mrhof.o
 .text.parent_link_metric
                0x000000000020dc50       0x12 obj_zoul/rpl-mrhof.o
 .text.parent_has_usable_link
                0x000000000020dc62       0x12 obj_zoul/rpl-mrhof.o
 .text.best_dag
                0x000000000020dc74       0x2e obj_zoul/rpl-mrhof.o
 .text.parent_path_cost
                0x000000000020dca2       0x34 obj_zoul/rpl-mrhof.o
 .text.rank_via_parent
                0x000000000020dcd6       0x34 obj_zoul/rpl-mrhof.o
 .text.parent_is_acceptable
                0x000000000020dd0a       0x26 obj_zoul/rpl-mrhof.o
 .text.best_parent
                0x000000000020dd30       0x64 obj_zoul/rpl-mrhof.o
 .text.get32    0x000000000020dd94       0x18 obj_zoul/rpl-icmp6.o
 .text.set32    0x000000000020ddac       0x12 obj_zoul/rpl-icmp6.o
 .text.get16    0x000000000020ddbe        0xc obj_zoul/rpl-icmp6.o
 .text.set16    0x000000000020ddca        0xa obj_zoul/rpl-icmp6.o
 .text.rpl_icmp6_update_nbr_table
                0x000000000020ddd4       0x2e obj_zoul/rpl-icmp6.o
                0x000000000020ddd4                rpl_icmp6_update_nbr_table
 .text.check_prefix
                0x000000000020de02       0x58 obj_zoul/rpl-dag.o
 .text.lollipop_greater_than
                0x000000000020de5a       0x34 obj_zoul/rpl-dag.o
 .text.rpl_rank_via_parent
                0x000000000020de8e       0x1a obj_zoul/rpl-dag.o
                0x000000000020de8e                rpl_rank_via_parent
 .text.rpl_get_parent_ipaddr
                0x000000000020dea8        0xe obj_zoul/rpl-dag.o
                0x000000000020dea8                rpl_get_parent_ipaddr
 .text.rpl_get_parent_link_stats
                0x000000000020deb6        0xe obj_zoul/rpl-dag.o
                0x000000000020deb6                rpl_get_parent_link_stats
 .text.rpl_parent_is_fresh
                0x000000000020dec4        0xe obj_zoul/rpl-dag.o
                0x000000000020dec4                rpl_parent_is_fresh
 .text.rpl_parent_is_reachable
                0x000000000020ded2       0x36 obj_zoul/rpl-dag.o
                0x000000000020ded2                rpl_parent_is_reachable
 .text.rpl_set_prefix
                0x000000000020df08       0x6a obj_zoul/rpl-dag.o
                0x000000000020df08                rpl_set_prefix
 .text.rpl_set_default_route
                0x000000000020df72       0x30 obj_zoul/rpl-dag.o
                0x000000000020df72                rpl_set_default_route
 .text.rpl_find_parent
                0x000000000020dfa2       0x16 obj_zoul/rpl-dag.o
                0x000000000020dfa2                rpl_find_parent
 .text.rpl_find_parent_any_dag
                0x000000000020dfb8       0x1e obj_zoul/rpl-dag.o
                0x000000000020dfb8                rpl_find_parent_any_dag
 .text.rpl_select_parent
                0x000000000020dfd6       0x4a obj_zoul/rpl-dag.o
                0x000000000020dfd6                rpl_select_parent
 .text.rpl_select_dag
                0x000000000020e020      0x152 obj_zoul/rpl-dag.o
                0x000000000020e020                rpl_select_dag
 .text.rpl_nullify_parent
                0x000000000020e172       0x54 obj_zoul/rpl-dag.o
                0x000000000020e172                rpl_nullify_parent
 .text.nbr_callback
                0x000000000020e1c6        0x4 obj_zoul/rpl-dag.o
 .text.rpl_free_dag
                0x000000000020e1ca       0x3a obj_zoul/rpl-dag.o
                0x000000000020e1ca                rpl_free_dag
 .text.rpl_move_parent
                0x000000000020e204       0x58 obj_zoul/rpl-dag.o
                0x000000000020e204                rpl_move_parent
 .text.rpl_repair_root
                0x000000000020e25c       0x48 obj_zoul/rpl-dag.o
                0x000000000020e25c                rpl_repair_root
 .text.rpl_alloc_dag
                0x000000000020e2a4       0x50 obj_zoul/rpl-dag.o
                0x000000000020e2a4                rpl_alloc_dag
 .text.rpl_process_parent_event
                0x000000000020e2f4       0x90 obj_zoul/rpl-dag.o
                0x000000000020e2f4                rpl_process_parent_event
 .text.rpl_add_dag
                0x000000000020e384      0x110 obj_zoul/rpl-dag.o
                0x000000000020e384                rpl_add_dag
 .text.rpl_process_dio
                0x000000000020e494      0x2de obj_zoul/rpl-dag.o
                0x000000000020e494                rpl_process_dio
 .text.queuebuf_update_attr_from_packetbuf
                0x000000000020e772        0xc obj_zoul/queuebuf.o
                0x000000000020e772                queuebuf_update_attr_from_packetbuf
 .text.queuebuf_attr
                0x000000000020e77e        0xc obj_zoul/queuebuf.o
                0x000000000020e77e                queuebuf_attr
 .text.item_from_index
                0x000000000020e78a       0x14 obj_zoul/nbr-table.o
 .text.index_from_item
                0x000000000020e79e       0x16 obj_zoul/nbr-table.o
 .text.nbr_set_bit
                0x000000000020e7b4       0x3a obj_zoul/nbr-table.o
 .text.nbr_table_next
                0x000000000020e7ee       0x36 obj_zoul/nbr-table.o
                0x000000000020e7ee                nbr_table_next
 .text.nbr_table_get_from_lladdr
                0x000000000020e824       0x26 obj_zoul/nbr-table.o
                0x000000000020e824                nbr_table_get_from_lladdr
 .text.nbr_table_get_lladdr
                0x000000000020e84a       0x10 obj_zoul/nbr-table.o
                0x000000000020e84a                nbr_table_get_lladdr
 .text.linkaddr_copy
                0x000000000020e85a        0xa obj_zoul/linkaddr.o
                0x000000000020e85a                linkaddr_copy
 .text.linkaddr_cmp
                0x000000000020e864       0x10 obj_zoul/linkaddr.o
                0x000000000020e864                linkaddr_cmp
 .text.link_stats_is_fresh
                0x000000000020e874       0x24 obj_zoul/link-stats.o
                0x000000000020e874                link_stats_is_fresh
 .text.parse    0x000000000020e898       0x94 obj_zoul/framer-802154.o
 .text.create   0x000000000020e92c        0x6 obj_zoul/framer-802154.o
 .text.hdr_length
                0x000000000020e932        0x6 obj_zoul/framer-802154.o
 .text.frame802154_has_panid
                0x000000000020e938       0x62 obj_zoul/frame802154.o
                0x000000000020e938                frame802154_has_panid
 .text.field_len
                0x000000000020e99a       0x80 obj_zoul/frame802154.o
 .text.frame802154_is_broadcast_addr
                0x000000000020ea1a       0x1e obj_zoul/frame802154.o
                0x000000000020ea1a                frame802154_is_broadcast_addr
 .text.frame802154_hdrlen
                0x000000000020ea38       0x32 obj_zoul/frame802154.o
                0x000000000020ea38                frame802154_hdrlen
 .text.frame802154_create
                0x000000000020ea6a       0xde obj_zoul/frame802154.o
                0x000000000020ea6a                frame802154_create
 .text.mac_call_sent_callback
                0x000000000020eb48       0x16 obj_zoul/mac.o
                0x000000000020eb48                mac_call_sent_callback
 .text.channel_check_interval
                0x000000000020eb5e        0x4 obj_zoul/nullrdc.o
 .text.init     0x000000000020eb62        0x4 obj_zoul/nullrdc.o
 .text.send_list
                0x000000000020eb66       0x22 obj_zoul/nullrdc.o
 .text.send_packet
                0x000000000020eb88        0x4 obj_zoul/nullrdc.o
 .text.init     0x000000000020eb8c        0x2 obj_zoul/nullsec.o
 .text.publish_led_off
                0x000000000020eb8e        0x6 mqtt_publisher.co
 *(SORT_BY_ALIGNMENT(.rodata*))
 .rodata.dht22  0x000000000020eb94       0x10 obj_zoul/dht22.o
                0x000000000020eb94                dht22
 .rodata.adc_zoul
                0x000000000020eba4       0x10 obj_zoul/adc-zoul.o
                0x000000000020eba4                adc_zoul
 .rodata.button_sensor
                0x000000000020ebb4       0x10 obj_zoul/button-sensor.o
                0x000000000020ebb4                button_sensor
 .rodata.uart_regs
                0x000000000020ebc4       0x58 obj_zoul/uart.o
 .rodata.reset_cause.4829
                0x000000000020ec1c       0x10 obj_zoul/sys-ctrl.o
 .rodata.cc2538_rf_driver
                0x000000000020ec2c       0x38 obj_zoul/cc2538-rf.o
                0x000000000020ec2c                cc2538_rf_driver
 .rodata.output_power
                0x000000000020ec64       0x70 obj_zoul/cc2538-rf.o
 .rodata.cc2538_temp_sensor
                0x000000000020ecd4       0x10 obj_zoul/cc2538-temp-sensor.o
                0x000000000020ecd4                cc2538_temp_sensor
 .rodata.vdd3_sensor
                0x000000000020ece4       0x10 obj_zoul/vdd3-sensor.o
                0x000000000020ece4                vdd3_sensor
 .rodata.sicslowpan_driver
                0x000000000020ecf4        0xc obj_zoul/sicslowpan.o
                0x000000000020ecf4                sicslowpan_driver
 .rodata.framer_802154
                0x000000000020ed00        0xc obj_zoul/framer-802154.o
                0x000000000020ed00                framer_802154
 .rodata.csma_driver
                0x000000000020ed0c       0x1c obj_zoul/csma.o
                0x000000000020ed0c                csma_driver
 .rodata.nullrdc_driver
                0x000000000020ed28       0x20 obj_zoul/nullrdc.o
                0x000000000020ed28                nullrdc_driver
 .rodata.nullsec_driver
                0x000000000020ed48       0x10 obj_zoul/nullsec.o
                0x000000000020ed48                nullsec_driver
 .rodata.autostart_processes
                0x000000000020ed58        0x8 mqtt_publisher.co
                0x000000000020ed58                autostart_processes
 .rodata.rpl_interface
                0x000000000020ed60        0x8 obj_zoul/slip-bridge.o
                0x000000000020ed60                rpl_interface
 .rodata.process_thread_mqtt_process.str1.1
                0x000000000020ed68        0x7 obj_zoul/mqtt.o
 .rodata.str1.1
                0x000000000020ed6f        0xd obj_zoul/mqtt.o
 .rodata.str1.1
                0x000000000020ed7c        0xd obj_zoul/dht22.o
 .rodata.str1.1
                0x000000000020ed89       0x15 obj_zoul/adc-zoul.o
 .rodata.main.str1.1
                0x000000000020ed9e       0x7a obj_zoul/contiki-main.o
                                         0x80 (size before relaxing)
 .rodata.str1.1
                0x000000000020ee18        0x7 obj_zoul/button-sensor.o
 .rodata.soc_print_info.str1.1
                0x000000000020ee1f       0x94 obj_zoul/soc.o
 .rodata.str1.1
                0x000000000020eeb3       0x2d obj_zoul/sys-ctrl.o
 .rodata.str1.1
                0x000000000020eee0       0x11 obj_zoul/cc2538-rf.o
 .rodata.process_thread_slip_process.str1.1
                0x000000000020eef1       0x15 obj_zoul/slip.o
 .rodata.str1.1
                0x000000000020ef06        0xc obj_zoul/slip.o
 .rodata.str1.1
                0x000000000020ef12       0x14 obj_zoul/cc2538-temp-sensor.o
 .rodata.str1.1
                0x000000000020ef26        0x5 obj_zoul/vdd3-sensor.o
 .rodata.format_str_v.str1.1
                0x000000000020ef2b       0x35 obj_zoul/strformat.o
                                         0x37 (size before relaxing)
 .rodata.buffer.4213
                0x000000000020ef60       0x10 obj_zoul/strformat.o
 .rodata.buffer.4222
                0x000000000020ef70       0x10 obj_zoul/strformat.o
 .rodata.str1.1
                0x000000000020ef80        0xc obj_zoul/etimer.o
 .rodata.str1.1
                0x000000000020ef8c        0xf obj_zoul/ctimer.o
 .rodata.str1.1
                0x000000000020ef9b        0xe obj_zoul/serial-line.o
 .rodata.str1.1
                0x000000000020efa9        0x8 obj_zoul/sensors.o
 .rodata.str1.1
                0x000000000020efb1        0xb obj_zoul/sicslowpan.o
 .rodata.llprefix
                0x000000000020efbc        0x2 obj_zoul/sicslowpan.o
                0x000000000020efbc                llprefix
 .rodata.ttl_values
                0x000000000020efbe        0x4 obj_zoul/sicslowpan.o
 .rodata.unc_ctxconf
                0x000000000020efc2        0x4 obj_zoul/sicslowpan.o
                0x000000000020efc2                unc_ctxconf
 .rodata.unc_llconf
                0x000000000020efc6        0x4 obj_zoul/sicslowpan.o
                0x000000000020efc6                unc_llconf
 .rodata.unc_mxconf
                0x000000000020efca        0x4 obj_zoul/sicslowpan.o
                0x000000000020efca                unc_mxconf
 .rodata.newdata.str1.1
                0x000000000020efce       0x32 obj_zoul/tcp-socket.o
 .rodata.process_thread_tcp_socket_process.str1.1
                0x000000000020f000       0x54 obj_zoul/tcp-socket.o
 .rodata.str1.1
                0x000000000020f054       0x13 obj_zoul/tcp-socket.o
 .rodata.uip_debug_ipaddr_print.str1.1
                0x000000000020f067       0x28 obj_zoul/uip-debug.o
 .rodata.str1.1
                0x000000000020f08f        0xd obj_zoul/tcpip.o
 .rodata.linkaddr_null
                0x000000000020f09c        0x8 obj_zoul/linkaddr.o
                0x000000000020f09c                linkaddr_null
 .rodata.str1.1
                0x000000000020f0a4        0x5 obj_zoul/csma.o
 .rodata.str1.1
                0x000000000020f0a9        0x8 obj_zoul/nullrdc.o
 .rodata.str1.1
                0x000000000020f0b1        0x8 obj_zoul/nullsec.o
 .rodata.mqtt_event.str1.1
                0x000000000020f0b9      0x1dd mqtt_publisher.co
                                        0x1e2 (size before relaxing)
 .rodata.process_thread_mqtt_publisher_process.str1.1
                0x000000000020f296      0x253 mqtt_publisher.co
 .rodata.set_prefix_64.str1.1
                0x000000000020f4e9       0x16 mqtt_publisher.co
 .rodata.str1.1
                0x000000000020f4ff       0x19 mqtt_publisher.co
 .rodata.slip_input_callback.str1.1
                0x000000000020f518       0x56 obj_zoul/slip-bridge.o
                                         0x67 (size before relaxing)
 .rodata.output.str1.1
                0x000000000020f56e       0x3a obj_zoul/slip-bridge.o
                0x000000000020f5a8                _etext = .

.glue_7         0x000000000020f5a8        0x0
 .glue_7        0x000000000020f5a8        0x0 linker stubs

.glue_7t        0x000000000020f5a8        0x0
 .glue_7t       0x000000000020f5a8        0x0 linker stubs

.vfp11_veneer   0x000000000020f5a8        0x0
 .vfp11_veneer  0x000000000020f5a8        0x0 linker stubs

.v4_bx          0x000000000020f5a8        0x0
 .v4_bx         0x000000000020f5a8        0x0 linker stubs

.iplt           0x000000000020f5a8        0x0
 .iplt          0x000000000020f5a8        0x0 obj_zoul/startup-gcc.o

.socdata        0x0000000020004000       0x40
 *(SORT_BY_ALIGNMENT(.udma_channel_control_table))
 .udma_channel_control_table
                0x0000000020004000       0x40 obj_zoul/udma.o

.data           0x0000000020004040      0x1e1 load address 0x000000000020f5a8
                0x0000000020004040                _data = .
 *(SORT_BY_ALIGNMENT(.data*))
 .data.mqtt_process
                0x0000000020004040       0x10 obj_zoul/mqtt.o
                0x0000000020004040                mqtt_process
 .data.sensors  0x0000000020004050       0x10 obj_zoul/zoul-sensors.o
                0x0000000020004050                sensors
 .data.cc2538_rf_process
                0x0000000020004060       0x10 obj_zoul/cc2538-rf.o
                0x0000000020004060                cc2538_rf_process
 .data.slip_process
                0x0000000020004070       0x10 obj_zoul/slip.o
                0x0000000020004070                slip_process
 .data.ctxt     0x0000000020004080        0x8 obj_zoul/dbg-printf.o
 .data.etimer_process
                0x0000000020004088       0x10 obj_zoul/etimer.o
                0x0000000020004088                etimer_process
 .data.ctimer_process
                0x0000000020004098       0x10 obj_zoul/ctimer.o
                0x0000000020004098                ctimer_process
 .data.serial_line_process
                0x00000000200040a8       0x10 obj_zoul/serial-line.o
                0x00000000200040a8                serial_line_process
 .data.sensors_process
                0x00000000200040b8       0x10 obj_zoul/sensors.o
                0x00000000200040b8                sensors_process
 .data.echo_reply_handler
                0x00000000200040c8        0xc obj_zoul/uip-icmp6.o
 .data.echo_request_handler
                0x00000000200040d4        0xc obj_zoul/uip-icmp6.o
 .data.defaultroutermemb
                0x00000000200040e0        0xc obj_zoul/uip-ds6-route.o
 .data.nbr_routes
                0x00000000200040ec        0x4 obj_zoul/uip-ds6-route.o
                0x00000000200040ec                nbr_routes
 .data.nbr_routes_struct
                0x00000000200040f0       0x10 obj_zoul/uip-ds6-route.o
 .data.neighborroutememb
                0x0000000020004100        0xc obj_zoul/uip-ds6-route.o
 .data.routememb
                0x000000002000410c        0xc obj_zoul/uip-ds6-route.o
 .data.ds6_neighbors
                0x0000000020004118        0x4 obj_zoul/uip-ds6-nbr.o
                0x0000000020004118                ds6_neighbors
 .data.ds6_neighbors_struct
                0x000000002000411c       0x10 obj_zoul/uip-ds6-nbr.o
 .data.tcp_socket_process
                0x000000002000412c       0x10 obj_zoul/tcp-socket.o
                0x000000002000412c                tcp_socket_process
 .data.tcpip_process
                0x000000002000413c       0x10 obj_zoul/tcpip.o
                0x000000002000413c                tcpip_process
 .data.rpl_mrhof
                0x000000002000414c       0x24 obj_zoul/rpl-mrhof.o
                0x000000002000414c                rpl_mrhof
 .data.dao_ack_handler
                0x0000000020004170        0xc obj_zoul/rpl-icmp6.o
 .data.dao_handler
                0x000000002000417c        0xc obj_zoul/rpl-icmp6.o
 .data.dio_handler
                0x0000000020004188        0xc obj_zoul/rpl-icmp6.o
 .data.dis_handler
                0x0000000020004194        0xc obj_zoul/rpl-icmp6.o
 .data.rpl_parents
                0x00000000200041a0        0x4 obj_zoul/rpl-dag.o
                0x00000000200041a0                rpl_parents
 .data.rpl_parents_struct
                0x00000000200041a4       0x10 obj_zoul/rpl-dag.o
 .data.bufmem   0x00000000200041b4        0xc obj_zoul/queuebuf.o
 .data.buframmem
                0x00000000200041c0        0xc obj_zoul/queuebuf.o
 .data.neighbor_addr_mem
                0x00000000200041cc        0xc obj_zoul/nbr-table.o
 .data.link_stats_struct
                0x00000000200041d8       0x10 obj_zoul/link-stats.o
 .data.metadata_memb
                0x00000000200041e8        0xc obj_zoul/csma.o
 .data.neighbor_memb
                0x00000000200041f4        0xc obj_zoul/csma.o
 .data.packet_memb
                0x0000000020004200        0xc obj_zoul/csma.o
 .data.mqtt_publisher_process
                0x000000002000420c       0x10 mqtt_publisher.co
                0x000000002000420c                mqtt_publisher_process
 .data.mac_pan_id
                0x000000002000421c        0x2 obj_zoul/frame802154.o
 .data.rf_channel
                0x000000002000421e        0x1 obj_zoul/cc2538-rf.o
 .data.send_on_cca
                0x000000002000421f        0x1 obj_zoul/cc2538-rf.o
 .data.dao_sequence
                0x0000000020004220        0x1 obj_zoul/rpl-icmp6.o
                0x0000000020004221                _edata = .
                0x000000000020f5a8                _ldata = LOADADDR (.data)

.igot.plt       0x0000000020004224        0x0 load address 0x000000000020f789
 .igot.plt      0x0000000020004224        0x0 obj_zoul/startup-gcc.o

.ARM.exidx      0x000000000020f78c        0x8
 *(SORT_BY_ALIGNMENT(.ARM.exidx*))
 .ARM.exidx     0x000000000020f78c        0x8 /usr/lib/gcc/arm-none-eabi/9.2.1/thumb/v7-m/nofp/libgcc.a(_udivmoddi4.o)

.bss            0x0000000020004228     0x35c1
                0x0000000020004228                _bss = .
 *(SORT_BY_ALIGNMENT(.bss*))
 .bss.rt_ticks_epoch
                0x0000000020004228        0x8 obj_zoul/clock.o
 .bss.rt_ticks_startup
                0x0000000020004230        0x8 obj_zoul/clock.o
 .bss.conn.8954
                0x0000000020004238        0x4 obj_zoul/mqtt.o
 .bss.mqtt_conn_list_list
                0x000000002000423c        0x4 obj_zoul/mqtt.o
 .bss.debouncetimer
                0x0000000020004240        0x8 obj_zoul/button-sensor.o
 .bss.press_counter
                0x0000000020004248       0x20 obj_zoul/button-sensor.o
 .bss.press_duration
                0x0000000020004268        0x4 obj_zoul/button-sensor.o
 .bss.next_trigger
                0x000000002000426c        0x4 obj_zoul/rtimer-arch.o
 .bss.input_handler
                0x0000000020004270        0x8 obj_zoul/uart.o
 .bss.interrupt_disable
                0x0000000020004278        0x4 obj_zoul/nvic.o
 .bss.interrupt_enable
                0x000000002000427c        0x4 obj_zoul/nvic.o
 .bss.interrupt_pend
                0x0000000020004280        0x4 obj_zoul/nvic.o
 .bss.interrupt_unpend
                0x0000000020004284        0x4 obj_zoul/nvic.o
 .bss.gpio_callbacks
                0x0000000020004288       0x80 obj_zoul/gpio.o
 .bss.ioc_over  0x0000000020004308        0x4 obj_zoul/ioc.o
 .bss.ioc_sel   0x000000002000430c        0x4 obj_zoul/ioc.o
 .bss.notification_process
                0x0000000020004310        0x4 obj_zoul/crypto.o
 .bss.periph_permit_pm1_funcs
                0x0000000020004314       0x14 obj_zoul/lpm.o
 .bss.notification_process
                0x0000000020004328        0x4 obj_zoul/pka.o
 .bss.input_callback
                0x000000002000432c        0x4 obj_zoul/slip.o
 .bss.next_expiration
                0x0000000020004330        0x4 obj_zoul/etimer.o
 .bss.timerlist
                0x0000000020004334        0x4 obj_zoul/etimer.o
 .bss.ctimer_list_list
                0x0000000020004338        0x4 obj_zoul/ctimer.o
 .bss.events    0x000000002000433c      0x180 obj_zoul/process.o
 .bss.process_current
                0x00000000200044bc        0x4 obj_zoul/process.o
                0x00000000200044bc                process_current
 .bss.process_list
                0x00000000200044c0        0x4 obj_zoul/process.o
                0x00000000200044c0                process_list
 .bss.next_rtimer
                0x00000000200044c4        0x4 obj_zoul/rtimer.o
 .bss.ptr.4844  0x00000000200044c8        0x4 obj_zoul/serial-line.o
 .bss.rxbuf     0x00000000200044cc        0x8 obj_zoul/serial-line.o
 .bss.events.4860
                0x00000000200044d4        0x4 obj_zoul/sensors.o
 .bss.i.4859    0x00000000200044d8        0x4 obj_zoul/sensors.o
 .bss.echo_reply_callback_list_list
                0x00000000200044dc        0x4 obj_zoul/uip-icmp6.o
 .bss.input_handler_list_list
                0x00000000200044e0        0x4 obj_zoul/uip-icmp6.o
 .bss.locaddr   0x00000000200044e4        0x4 obj_zoul/uip-ds6.o
 .bss.locmaddr  0x00000000200044e8        0x4 obj_zoul/uip-ds6.o
 .bss.locprefix
                0x00000000200044ec        0x4 obj_zoul/uip-ds6.o
 .bss._nbr_routes_mem
                0x00000000200044f0       0x80 obj_zoul/uip-ds6-route.o
 .bss.defaultrouterlist_list
                0x0000000020004570        0x4 obj_zoul/uip-ds6-route.o
 .bss.defaultroutermemb_memb_mem
                0x0000000020004574       0x40 obj_zoul/uip-ds6-route.o
 .bss.neighborroutememb_memb_mem
                0x00000000200045b4       0x80 obj_zoul/uip-ds6-route.o
 .bss.notificationlist_list
                0x0000000020004634        0x4 obj_zoul/uip-ds6-route.o
 .bss.num_routes
                0x0000000020004638        0x4 obj_zoul/uip-ds6-route.o
 .bss.routelist_list
                0x000000002000463c        0x4 obj_zoul/uip-ds6-route.o
 .bss.routememb_memb_mem
                0x0000000020004640      0x280 obj_zoul/uip-ds6-route.o
 .bss.callback  0x00000000200048c0        0x4 obj_zoul/sicslowpan.o
 .bss.context   0x00000000200048c4        0x4 obj_zoul/sicslowpan.o
 .bss.frag_info
                0x00000000200048c8      0x170 obj_zoul/sicslowpan.o
 .bss.hc06_ptr  0x0000000020004a38        0x4 obj_zoul/sicslowpan.o
 .bss.last_rssi
                0x0000000020004a3c        0x4 obj_zoul/sicslowpan.o
 .bss.last_tx_status
                0x0000000020004a40        0x4 obj_zoul/sicslowpan.o
 .bss.packetbuf_payload_len
                0x0000000020004a44        0x4 obj_zoul/sicslowpan.o
 .bss.packetbuf_ptr
                0x0000000020004a48        0x4 obj_zoul/sicslowpan.o
 .bss.socketlist_list
                0x0000000020004a4c        0x4 obj_zoul/tcp-socket.o
 .bss.outputfunc
                0x0000000020004a50        0x4 obj_zoul/tcpip.o
 .bss.periodic  0x0000000020004a54       0x10 obj_zoul/tcpip.o
 .bss.s         0x0000000020004a64       0x44 obj_zoul/tcpip.o
 .bss.num_children
                0x0000000020004aa8        0x4 obj_zoul/rpl-nbr-policy.o
 .bss.num_parents
                0x0000000020004aac        0x4 obj_zoul/rpl-nbr-policy.o
 .bss.periodic_timer
                0x0000000020004ab0       0x20 obj_zoul/rpl-nbr-policy.o
 .bss.timer_init
                0x0000000020004ad0        0x4 obj_zoul/rpl-nbr-policy.o
 .bss.worst_rank_nbr
                0x0000000020004ad4        0x4 obj_zoul/rpl-nbr-policy.o
 .bss.periodic_timer
                0x0000000020004ad8       0x20 obj_zoul/rpl-timers.o
 .bss._rpl_parents_mem
                0x0000000020004af8       0x80 obj_zoul/rpl-dag.o
 .bss.bufmem_memb_mem
                0x0000000020004b78       0x20 obj_zoul/queuebuf.o
 .bss.all_tables
                0x0000000020004b98       0x20 obj_zoul/nbr-table.o
 .bss.nbr_table_keys_list
                0x0000000020004bb8        0x4 obj_zoul/nbr-table.o
 .bss.neighbor_addr_mem_memb_mem
                0x0000000020004bbc       0xc0 obj_zoul/nbr-table.o
 .bss.num_tables
                0x0000000020004c7c        0x4 obj_zoul/nbr-table.o
 .bss.packetbuf_aligned
                0x0000000020004c80       0x80 obj_zoul/packetbuf.o
 .bss._link_stats_mem
                0x0000000020004d00       0xc0 obj_zoul/link-stats.o
 .bss.received_seqnos
                0x0000000020004dc0      0x100 obj_zoul/mac-sequence.o
 .bss.metadata_memb_memb_mem
                0x0000000020004ec0       0x60 obj_zoul/csma.o
 .bss.neighbor_list_list
                0x0000000020004f20        0x4 obj_zoul/csma.o
 .bss.neighbor_memb_memb_mem
                0x0000000020004f24       0x70 obj_zoul/csma.o
 .bss.packet_memb_memb_mem
                0x0000000020004f94       0x60 obj_zoul/csma.o
 .bss.buf_ptr   0x0000000020004ff4        0x4 mqtt_publisher.co
 .bss.conf      0x0000000020004ff8       0x58 mqtt_publisher.co
 .bss.conn      0x0000000020005050      0x760 mqtt_publisher.co
 .bss.connection_life
                0x00000000200057b0        0x8 mqtt_publisher.co
 .bss.ct        0x00000000200057b8       0x20 mqtt_publisher.co
 .bss.et.9073   0x00000000200057d8       0x10 mqtt_publisher.co
 .bss.msg_ptr   0x00000000200057e8        0x4 mqtt_publisher.co
 .bss.publish_periodic_timer
                0x00000000200057ec       0x10 mqtt_publisher.co
 .bss.begin     0x00000000200057fc        0x2 obj_zoul/slip.o
 .bss.next_free
                0x00000000200057fe        0x2 obj_zoul/slip.o
 .bss.pkt_end   0x0000000020005800        0x2 obj_zoul/slip.o
 .bss.tmp_ipaddr
                0x0000000020005802       0x10 obj_zoul/uip-icmp6.o
 .bss.loc_fipaddr
                0x0000000020005812       0x10 obj_zoul/uip-ds6.o
 .bss.lastport  0x0000000020005822        0x2 obj_zoul/uip6.o
 .bss._ds6_neighbors_mem
                0x0000000020005824      0x120 obj_zoul/uip-ds6-nbr.o
 .bss.my_tag    0x0000000020005944        0x2 obj_zoul/sicslowpan.o
 .bss.worst_rank
                0x0000000020005946        0x2 obj_zoul/rpl-nbr-policy.o
 .bss.next_dis  0x0000000020005948        0x2 obj_zoul/rpl-timers.o
 .bss.buframmem_memb_mem
                0x000000002000594a      0x580 obj_zoul/queuebuf.o
 .bss.buflen    0x0000000020005eca        0x2 obj_zoul/packetbuf.o
 .bss.bufptr    0x0000000020005ecc        0x2 obj_zoul/packetbuf.o
 .bss.seqno.6461
                0x0000000020005ece        0x2 obj_zoul/csma.o
 .bss.prefix    0x0000000020005ed0       0x10 mqtt_publisher.co
 .bss.seq_nr_value